
AVRASM ver. 2.1.30  C:\Users\M\Desktop\Microprocessor\waiter-arduino\List\program.asm Tue Dec 29 14:17:03 2020

C:\Users\M\Desktop\Microprocessor\waiter-arduino\List\program.asm(1070): warning: Register r5 already defined by the .DEF directive
C:\Users\M\Desktop\Microprocessor\waiter-arduino\List\program.asm(1071): warning: Register r4 already defined by the .DEF directive
C:\Users\M\Desktop\Microprocessor\waiter-arduino\List\program.asm(1072): warning: Register r7 already defined by the .DEF directive
C:\Users\M\Desktop\Microprocessor\waiter-arduino\List\program.asm(1073): warning: Register r6 already defined by the .DEF directive
C:\Users\M\Desktop\Microprocessor\waiter-arduino\List\program.asm(1074): warning: Register r9 already defined by the .DEF directive
C:\Users\M\Desktop\Microprocessor\waiter-arduino\List\program.asm(1075): warning: Register r8 already defined by the .DEF directive
C:\Users\M\Desktop\Microprocessor\waiter-arduino\List\program.asm(1076): warning: Register r11 already defined by the .DEF directive
                 
                 
                 ;CodeVisionAVR C Compiler V2.05.3 Standard
                 ;(C) Copyright 1998-2011 Pavel Haiduc, HP InfoTech s.r.l.
                 ;http://www.hpinfotech.com
                 
                 ;Chip type                : ATmega8
                 ;Program type             : Application
                 ;Clock frequency          : 8.000000 MHz
                 ;Memory model             : Small
                 ;Optimize for             : Size
                 ;(s)printf features       : int, width
                 ;(s)scanf features        : int, width
                 ;External RAM size        : 0
                 ;Data Stack size          : 256 byte(s)
                 ;Heap size                : 0 byte(s)
                 ;Promote 'char' to 'int'  : Yes
                 ;'char' is unsigned       : Yes
                 ;8 bit enums              : Yes
                 ;Global 'const' stored in FLASH     : No
                 ;Enhanced function parameter passing: Yes
                 ;Enhanced core instructions         : On
                 ;Smart register allocation          : On
                 ;Automatic register allocation      : On
                 
                 	#pragma AVRPART ADMIN PART_NAME ATmega8
                 	#pragma AVRPART MEMORY PROG_FLASH 8192
                 	#pragma AVRPART MEMORY EEPROM 512
                 	#pragma AVRPART MEMORY INT_SRAM SIZE 1119
                 	#pragma AVRPART MEMORY INT_SRAM START_ADDR 0x60
                 
                 	.LISTMAC
                 	.EQU UDRE=0x5
                 	.EQU RXC=0x7
                 	.EQU USR=0xB
                 	.EQU UDR=0xC
                 	.EQU SPSR=0xE
                 	.EQU SPDR=0xF
                 	.EQU EERE=0x0
                 	.EQU EEWE=0x1
                 	.EQU EEMWE=0x2
                 	.EQU EECR=0x1C
                 	.EQU EEDR=0x1D
                 	.EQU EEARL=0x1E
                 	.EQU EEARH=0x1F
                 	.EQU WDTCR=0x21
                 	.EQU MCUCR=0x35
                 	.EQU GICR=0x3B
                 	.EQU SPL=0x3D
                 	.EQU SPH=0x3E
                 	.EQU SREG=0x3F
                 
                 	.DEF R0X0=R0
                 	.DEF R0X1=R1
                 	.DEF R0X2=R2
                 	.DEF R0X3=R3
                 	.DEF R0X4=R4
                 	.DEF R0X5=R5
                 	.DEF R0X6=R6
                 	.DEF R0X7=R7
                 	.DEF R0X8=R8
                 	.DEF R0X9=R9
                 	.DEF R0XA=R10
                 	.DEF R0XB=R11
                 	.DEF R0XC=R12
                 	.DEF R0XD=R13
                 	.DEF R0XE=R14
                 	.DEF R0XF=R15
                 	.DEF R0X10=R16
                 	.DEF R0X11=R17
                 	.DEF R0X12=R18
                 	.DEF R0X13=R19
                 	.DEF R0X14=R20
                 	.DEF R0X15=R21
                 	.DEF R0X16=R22
                 	.DEF R0X17=R23
                 	.DEF R0X18=R24
                 	.DEF R0X19=R25
                 	.DEF R0X1A=R26
                 	.DEF R0X1B=R27
                 	.DEF R0X1C=R28
                 	.DEF R0X1D=R29
                 	.DEF R0X1E=R30
                 	.DEF R0X1F=R31
                 
                 	.EQU __SRAM_START=0x0060
                 	.EQU __SRAM_END=0x045F
                 	.EQU __DSTACK_SIZE=0x0100
                 	.EQU __HEAP_SIZE=0x0000
                 	.EQU __CLEAR_SRAM_SIZE=__SRAM_END-__SRAM_START+1
                 
                 	.MACRO __CPD1N
                 	CPI  R30,LOW(@0)
                 	LDI  R26,HIGH(@0)
                 	CPC  R31,R26
                 	LDI  R26,BYTE3(@0)
                 	CPC  R22,R26
                 	LDI  R26,BYTE4(@0)
                 	CPC  R23,R26
                 	.ENDM
                 
                 	.MACRO __CPD2N
                 	CPI  R26,LOW(@0)
                 	LDI  R30,HIGH(@0)
                 	CPC  R27,R30
                 	LDI  R30,BYTE3(@0)
                 	CPC  R24,R30
                 	LDI  R30,BYTE4(@0)
                 	CPC  R25,R30
                 	.ENDM
                 
                 	.MACRO __CPWRR
                 	CP   R@0,R@2
                 	CPC  R@1,R@3
                 	.ENDM
                 
                 	.MACRO __CPWRN
                 	CPI  R@0,LOW(@2)
                 	LDI  R30,HIGH(@2)
                 	CPC  R@1,R30
                 	.ENDM
                 
                 	.MACRO __ADDB1MN
                 	SUBI R30,LOW(-@0-(@1))
                 	.ENDM
                 
                 	.MACRO __ADDB2MN
                 	SUBI R26,LOW(-@0-(@1))
                 	.ENDM
                 
                 	.MACRO __ADDW1MN
                 	SUBI R30,LOW(-@0-(@1))
                 	SBCI R31,HIGH(-@0-(@1))
                 	.ENDM
                 
                 	.MACRO __ADDW2MN
                 	SUBI R26,LOW(-@0-(@1))
                 	SBCI R27,HIGH(-@0-(@1))
                 	.ENDM
                 
                 	.MACRO __ADDW1FN
                 	SUBI R30,LOW(-2*@0-(@1))
                 	SBCI R31,HIGH(-2*@0-(@1))
                 	.ENDM
                 
                 	.MACRO __ADDD1FN
                 	SUBI R30,LOW(-2*@0-(@1))
                 	SBCI R31,HIGH(-2*@0-(@1))
                 	SBCI R22,BYTE3(-2*@0-(@1))
                 	.ENDM
                 
                 	.MACRO __ADDD1N
                 	SUBI R30,LOW(-@0)
                 	SBCI R31,HIGH(-@0)
                 	SBCI R22,BYTE3(-@0)
                 	SBCI R23,BYTE4(-@0)
                 	.ENDM
                 
                 	.MACRO __ADDD2N
                 	SUBI R26,LOW(-@0)
                 	SBCI R27,HIGH(-@0)
                 	SBCI R24,BYTE3(-@0)
                 	SBCI R25,BYTE4(-@0)
                 	.ENDM
                 
                 	.MACRO __SUBD1N
                 	SUBI R30,LOW(@0)
                 	SBCI R31,HIGH(@0)
                 	SBCI R22,BYTE3(@0)
                 	SBCI R23,BYTE4(@0)
                 	.ENDM
                 
                 	.MACRO __SUBD2N
                 	SUBI R26,LOW(@0)
                 	SBCI R27,HIGH(@0)
                 	SBCI R24,BYTE3(@0)
                 	SBCI R25,BYTE4(@0)
                 	.ENDM
                 
                 	.MACRO __ANDBMNN
                 	LDS  R30,@0+(@1)
                 	ANDI R30,LOW(@2)
                 	STS  @0+(@1),R30
                 	.ENDM
                 
                 	.MACRO __ANDWMNN
                 	LDS  R30,@0+(@1)
                 	ANDI R30,LOW(@2)
                 	STS  @0+(@1),R30
                 	LDS  R30,@0+(@1)+1
                 	ANDI R30,HIGH(@2)
                 	STS  @0+(@1)+1,R30
                 	.ENDM
                 
                 	.MACRO __ANDD1N
                 	ANDI R30,LOW(@0)
                 	ANDI R31,HIGH(@0)
                 	ANDI R22,BYTE3(@0)
                 	ANDI R23,BYTE4(@0)
                 	.ENDM
                 
                 	.MACRO __ANDD2N
                 	ANDI R26,LOW(@0)
                 	ANDI R27,HIGH(@0)
                 	ANDI R24,BYTE3(@0)
                 	ANDI R25,BYTE4(@0)
                 	.ENDM
                 
                 	.MACRO __ORBMNN
                 	LDS  R30,@0+(@1)
                 	ORI  R30,LOW(@2)
                 	STS  @0+(@1),R30
                 	.ENDM
                 
                 	.MACRO __ORWMNN
                 	LDS  R30,@0+(@1)
                 	ORI  R30,LOW(@2)
                 	STS  @0+(@1),R30
                 	LDS  R30,@0+(@1)+1
                 	ORI  R30,HIGH(@2)
                 	STS  @0+(@1)+1,R30
                 	.ENDM
                 
                 	.MACRO __ORD1N
                 	ORI  R30,LOW(@0)
                 	ORI  R31,HIGH(@0)
                 	ORI  R22,BYTE3(@0)
                 	ORI  R23,BYTE4(@0)
                 	.ENDM
                 
                 	.MACRO __ORD2N
                 	ORI  R26,LOW(@0)
                 	ORI  R27,HIGH(@0)
                 	ORI  R24,BYTE3(@0)
                 	ORI  R25,BYTE4(@0)
                 	.ENDM
                 
                 	.MACRO __DELAY_USB
                 	LDI  R24,LOW(@0)
                 __DELAY_USB_LOOP:
                 	DEC  R24
                 	BRNE __DELAY_USB_LOOP
                 	.ENDM
                 
                 	.MACRO __DELAY_USW
                 	LDI  R24,LOW(@0)
                 	LDI  R25,HIGH(@0)
                 __DELAY_USW_LOOP:
                 	SBIW R24,1
                 	BRNE __DELAY_USW_LOOP
                 	.ENDM
                 
                 	.MACRO __GETD1S
                 	LDD  R30,Y+@0
                 	LDD  R31,Y+@0+1
                 	LDD  R22,Y+@0+2
                 	LDD  R23,Y+@0+3
                 	.ENDM
                 
                 	.MACRO __GETD2S
                 	LDD  R26,Y+@0
                 	LDD  R27,Y+@0+1
                 	LDD  R24,Y+@0+2
                 	LDD  R25,Y+@0+3
                 	.ENDM
                 
                 	.MACRO __PUTD1S
                 	STD  Y+@0,R30
                 	STD  Y+@0+1,R31
                 	STD  Y+@0+2,R22
                 	STD  Y+@0+3,R23
                 	.ENDM
                 
                 	.MACRO __PUTD2S
                 	STD  Y+@0,R26
                 	STD  Y+@0+1,R27
                 	STD  Y+@0+2,R24
                 	STD  Y+@0+3,R25
                 	.ENDM
                 
                 	.MACRO __PUTDZ2
                 	STD  Z+@0,R26
                 	STD  Z+@0+1,R27
                 	STD  Z+@0+2,R24
                 	STD  Z+@0+3,R25
                 	.ENDM
                 
                 	.MACRO __CLRD1S
                 	STD  Y+@0,R30
                 	STD  Y+@0+1,R30
                 	STD  Y+@0+2,R30
                 	STD  Y+@0+3,R30
                 	.ENDM
                 
                 	.MACRO __POINTB1MN
                 	LDI  R30,LOW(@0+(@1))
                 	.ENDM
                 
                 	.MACRO __POINTW1MN
                 	LDI  R30,LOW(@0+(@1))
                 	LDI  R31,HIGH(@0+(@1))
                 	.ENDM
                 
                 	.MACRO __POINTD1M
                 	LDI  R30,LOW(@0)
                 	LDI  R31,HIGH(@0)
                 	LDI  R22,BYTE3(@0)
                 	LDI  R23,BYTE4(@0)
                 	.ENDM
                 
                 	.MACRO __POINTW1FN
                 	LDI  R30,LOW(2*@0+(@1))
                 	LDI  R31,HIGH(2*@0+(@1))
                 	.ENDM
                 
                 	.MACRO __POINTD1FN
                 	LDI  R30,LOW(2*@0+(@1))
                 	LDI  R31,HIGH(2*@0+(@1))
                 	LDI  R22,BYTE3(2*@0+(@1))
                 	LDI  R23,BYTE4(2*@0+(@1))
                 	.ENDM
                 
                 	.MACRO __POINTB2MN
                 	LDI  R26,LOW(@0+(@1))
                 	.ENDM
                 
                 	.MACRO __POINTW2MN
                 	LDI  R26,LOW(@0+(@1))
                 	LDI  R27,HIGH(@0+(@1))
                 	.ENDM
                 
                 	.MACRO __POINTW2FN
                 	LDI  R26,LOW(2*@0+(@1))
                 	LDI  R27,HIGH(2*@0+(@1))
                 	.ENDM
                 
                 	.MACRO __POINTD2FN
                 	LDI  R26,LOW(2*@0+(@1))
                 	LDI  R27,HIGH(2*@0+(@1))
                 	LDI  R24,BYTE3(2*@0+(@1))
                 	LDI  R25,BYTE4(2*@0+(@1))
                 	.ENDM
                 
                 	.MACRO __POINTBRM
                 	LDI  R@0,LOW(@1)
                 	.ENDM
                 
                 	.MACRO __POINTWRM
                 	LDI  R@0,LOW(@2)
                 	LDI  R@1,HIGH(@2)
                 	.ENDM
                 
                 	.MACRO __POINTBRMN
                 	LDI  R@0,LOW(@1+(@2))
                 	.ENDM
                 
                 	.MACRO __POINTWRMN
                 	LDI  R@0,LOW(@2+(@3))
                 	LDI  R@1,HIGH(@2+(@3))
                 	.ENDM
                 
                 	.MACRO __POINTWRFN
                 	LDI  R@0,LOW(@2*2+(@3))
                 	LDI  R@1,HIGH(@2*2+(@3))
                 	.ENDM
                 
                 	.MACRO __GETD1N
                 	LDI  R30,LOW(@0)
                 	LDI  R31,HIGH(@0)
                 	LDI  R22,BYTE3(@0)
                 	LDI  R23,BYTE4(@0)
                 	.ENDM
                 
                 	.MACRO __GETD2N
                 	LDI  R26,LOW(@0)
                 	LDI  R27,HIGH(@0)
                 	LDI  R24,BYTE3(@0)
                 	LDI  R25,BYTE4(@0)
                 	.ENDM
                 
                 	.MACRO __GETB1MN
                 	LDS  R30,@0+(@1)
                 	.ENDM
                 
                 	.MACRO __GETB1HMN
                 	LDS  R31,@0+(@1)
                 	.ENDM
                 
                 	.MACRO __GETW1MN
                 	LDS  R30,@0+(@1)
                 	LDS  R31,@0+(@1)+1
                 	.ENDM
                 
                 	.MACRO __GETD1MN
                 	LDS  R30,@0+(@1)
                 	LDS  R31,@0+(@1)+1
                 	LDS  R22,@0+(@1)+2
                 	LDS  R23,@0+(@1)+3
                 	.ENDM
                 
                 	.MACRO __GETBRMN
                 	LDS  R@0,@1+(@2)
                 	.ENDM
                 
                 	.MACRO __GETWRMN
                 	LDS  R@0,@2+(@3)
                 	LDS  R@1,@2+(@3)+1
                 	.ENDM
                 
                 	.MACRO __GETWRZ
                 	LDD  R@0,Z+@2
                 	LDD  R@1,Z+@2+1
                 	.ENDM
                 
                 	.MACRO __GETD2Z
                 	LDD  R26,Z+@0
                 	LDD  R27,Z+@0+1
                 	LDD  R24,Z+@0+2
                 	LDD  R25,Z+@0+3
                 	.ENDM
                 
                 	.MACRO __GETB2MN
                 	LDS  R26,@0+(@1)
                 	.ENDM
                 
                 	.MACRO __GETW2MN
                 	LDS  R26,@0+(@1)
                 	LDS  R27,@0+(@1)+1
                 	.ENDM
                 
                 	.MACRO __GETD2MN
                 	LDS  R26,@0+(@1)
                 	LDS  R27,@0+(@1)+1
                 	LDS  R24,@0+(@1)+2
                 	LDS  R25,@0+(@1)+3
                 	.ENDM
                 
                 	.MACRO __PUTB1MN
                 	STS  @0+(@1),R30
                 	.ENDM
                 
                 	.MACRO __PUTW1MN
                 	STS  @0+(@1),R30
                 	STS  @0+(@1)+1,R31
                 	.ENDM
                 
                 	.MACRO __PUTD1MN
                 	STS  @0+(@1),R30
                 	STS  @0+(@1)+1,R31
                 	STS  @0+(@1)+2,R22
                 	STS  @0+(@1)+3,R23
                 	.ENDM
                 
                 	.MACRO __PUTB1EN
                 	LDI  R26,LOW(@0+(@1))
                 	LDI  R27,HIGH(@0+(@1))
                 	RCALL __EEPROMWRB
                 	.ENDM
                 
                 	.MACRO __PUTW1EN
                 	LDI  R26,LOW(@0+(@1))
                 	LDI  R27,HIGH(@0+(@1))
                 	RCALL __EEPROMWRW
                 	.ENDM
                 
                 	.MACRO __PUTD1EN
                 	LDI  R26,LOW(@0+(@1))
                 	LDI  R27,HIGH(@0+(@1))
                 	RCALL __EEPROMWRD
                 	.ENDM
                 
                 	.MACRO __PUTBR0MN
                 	STS  @0+(@1),R0
                 	.ENDM
                 
                 	.MACRO __PUTBMRN
                 	STS  @0+(@1),R@2
                 	.ENDM
                 
                 	.MACRO __PUTWMRN
                 	STS  @0+(@1),R@2
                 	STS  @0+(@1)+1,R@3
                 	.ENDM
                 
                 	.MACRO __PUTBZR
                 	STD  Z+@1,R@0
                 	.ENDM
                 
                 	.MACRO __PUTWZR
                 	STD  Z+@2,R@0
                 	STD  Z+@2+1,R@1
                 	.ENDM
                 
                 	.MACRO __GETW1R
                 	MOV  R30,R@0
                 	MOV  R31,R@1
                 	.ENDM
                 
                 	.MACRO __GETW2R
                 	MOV  R26,R@0
                 	MOV  R27,R@1
                 	.ENDM
                 
                 	.MACRO __GETWRN
                 	LDI  R@0,LOW(@2)
                 	LDI  R@1,HIGH(@2)
                 	.ENDM
                 
                 	.MACRO __PUTW1R
                 	MOV  R@0,R30
                 	MOV  R@1,R31
                 	.ENDM
                 
                 	.MACRO __PUTW2R
                 	MOV  R@0,R26
                 	MOV  R@1,R27
                 	.ENDM
                 
                 	.MACRO __ADDWRN
                 	SUBI R@0,LOW(-@2)
                 	SBCI R@1,HIGH(-@2)
                 	.ENDM
                 
                 	.MACRO __ADDWRR
                 	ADD  R@0,R@2
                 	ADC  R@1,R@3
                 	.ENDM
                 
                 	.MACRO __SUBWRN
                 	SUBI R@0,LOW(@2)
                 	SBCI R@1,HIGH(@2)
                 	.ENDM
                 
                 	.MACRO __SUBWRR
                 	SUB  R@0,R@2
                 	SBC  R@1,R@3
                 	.ENDM
                 
                 	.MACRO __ANDWRN
                 	ANDI R@0,LOW(@2)
                 	ANDI R@1,HIGH(@2)
                 	.ENDM
                 
                 	.MACRO __ANDWRR
                 	AND  R@0,R@2
                 	AND  R@1,R@3
                 	.ENDM
                 
                 	.MACRO __ORWRN
                 	ORI  R@0,LOW(@2)
                 	ORI  R@1,HIGH(@2)
                 	.ENDM
                 
                 	.MACRO __ORWRR
                 	OR   R@0,R@2
                 	OR   R@1,R@3
                 	.ENDM
                 
                 	.MACRO __EORWRR
                 	EOR  R@0,R@2
                 	EOR  R@1,R@3
                 	.ENDM
                 
                 	.MACRO __GETWRS
                 	LDD  R@0,Y+@2
                 	LDD  R@1,Y+@2+1
                 	.ENDM
                 
                 	.MACRO __PUTBSR
                 	STD  Y+@1,R@0
                 	.ENDM
                 
                 	.MACRO __PUTWSR
                 	STD  Y+@2,R@0
                 	STD  Y+@2+1,R@1
                 	.ENDM
                 
                 	.MACRO __MOVEWRR
                 	MOV  R@0,R@2
                 	MOV  R@1,R@3
                 	.ENDM
                 
                 	.MACRO __INWR
                 	IN   R@0,@2
                 	IN   R@1,@2+1
                 	.ENDM
                 
                 	.MACRO __OUTWR
                 	OUT  @2+1,R@1
                 	OUT  @2,R@0
                 	.ENDM
                 
                 	.MACRO __CALL1MN
                 	LDS  R30,@0+(@1)
                 	LDS  R31,@0+(@1)+1
                 	ICALL
                 	.ENDM
                 
                 	.MACRO __CALL1FN
                 	LDI  R30,LOW(2*@0+(@1))
                 	LDI  R31,HIGH(2*@0+(@1))
                 	RCALL __GETW1PF
                 	ICALL
                 	.ENDM
                 
                 	.MACRO __CALL2EN
                 	LDI  R26,LOW(@0+(@1))
                 	LDI  R27,HIGH(@0+(@1))
                 	RCALL __EEPROMRDW
                 	ICALL
                 	.ENDM
                 
                 	.MACRO __GETW1STACK
                 	IN   R26,SPL
                 	IN   R27,SPH
                 	ADIW R26,@0+1
                 	LD   R30,X+
                 	LD   R31,X
                 	.ENDM
                 
                 	.MACRO __GETD1STACK
                 	IN   R26,SPL
                 	IN   R27,SPH
                 	ADIW R26,@0+1
                 	LD   R30,X+
                 	LD   R31,X+
                 	LD   R22,X
                 	.ENDM
                 
                 	.MACRO __NBST
                 	BST  R@0,@1
                 	IN   R30,SREG
                 	LDI  R31,0x40
                 	EOR  R30,R31
                 	OUT  SREG,R30
                 	.ENDM
                 
                 
                 	.MACRO __PUTB1SN
                 	LDD  R26,Y+@0
                 	LDD  R27,Y+@0+1
                 	SUBI R26,LOW(-@1)
                 	SBCI R27,HIGH(-@1)
                 	ST   X,R30
                 	.ENDM
                 
                 	.MACRO __PUTW1SN
                 	LDD  R26,Y+@0
                 	LDD  R27,Y+@0+1
                 	SUBI R26,LOW(-@1)
                 	SBCI R27,HIGH(-@1)
                 	ST   X+,R30
                 	ST   X,R31
                 	.ENDM
                 
                 	.MACRO __PUTD1SN
                 	LDD  R26,Y+@0
                 	LDD  R27,Y+@0+1
                 	SUBI R26,LOW(-@1)
                 	SBCI R27,HIGH(-@1)
                 	RCALL __PUTDP1
                 	.ENDM
                 
                 	.MACRO __PUTB1SNS
                 	LDD  R26,Y+@0
                 	LDD  R27,Y+@0+1
                 	ADIW R26,@1
                 	ST   X,R30
                 	.ENDM
                 
                 	.MACRO __PUTW1SNS
                 	LDD  R26,Y+@0
                 	LDD  R27,Y+@0+1
                 	ADIW R26,@1
                 	ST   X+,R30
                 	ST   X,R31
                 	.ENDM
                 
                 	.MACRO __PUTD1SNS
                 	LDD  R26,Y+@0
                 	LDD  R27,Y+@0+1
                 	ADIW R26,@1
                 	RCALL __PUTDP1
                 	.ENDM
                 
                 	.MACRO __PUTB1PMN
                 	LDS  R26,@0
                 	LDS  R27,@0+1
                 	SUBI R26,LOW(-@1)
                 	SBCI R27,HIGH(-@1)
                 	ST   X,R30
                 	.ENDM
                 
                 	.MACRO __PUTW1PMN
                 	LDS  R26,@0
                 	LDS  R27,@0+1
                 	SUBI R26,LOW(-@1)
                 	SBCI R27,HIGH(-@1)
                 	ST   X+,R30
                 	ST   X,R31
                 	.ENDM
                 
                 	.MACRO __PUTD1PMN
                 	LDS  R26,@0
                 	LDS  R27,@0+1
                 	SUBI R26,LOW(-@1)
                 	SBCI R27,HIGH(-@1)
                 	RCALL __PUTDP1
                 	.ENDM
                 
                 	.MACRO __PUTB1PMNS
                 	LDS  R26,@0
                 	LDS  R27,@0+1
                 	ADIW R26,@1
                 	ST   X,R30
                 	.ENDM
                 
                 	.MACRO __PUTW1PMNS
                 	LDS  R26,@0
                 	LDS  R27,@0+1
                 	ADIW R26,@1
                 	ST   X+,R30
                 	ST   X,R31
                 	.ENDM
                 
                 	.MACRO __PUTD1PMNS
                 	LDS  R26,@0
                 	LDS  R27,@0+1
                 	ADIW R26,@1
                 	RCALL __PUTDP1
                 	.ENDM
                 
                 	.MACRO __PUTB1RN
                 	MOVW R26,R@0
                 	SUBI R26,LOW(-@1)
                 	SBCI R27,HIGH(-@1)
                 	ST   X,R30
                 	.ENDM
                 
                 	.MACRO __PUTW1RN
                 	MOVW R26,R@0
                 	SUBI R26,LOW(-@1)
                 	SBCI R27,HIGH(-@1)
                 	ST   X+,R30
                 	ST   X,R31
                 	.ENDM
                 
                 	.MACRO __PUTD1RN
                 	MOVW R26,R@0
                 	SUBI R26,LOW(-@1)
                 	SBCI R27,HIGH(-@1)
                 	RCALL __PUTDP1
                 	.ENDM
                 
                 	.MACRO __PUTB1RNS
                 	MOVW R26,R@0
                 	ADIW R26,@1
                 	ST   X,R30
                 	.ENDM
                 
                 	.MACRO __PUTW1RNS
                 	MOVW R26,R@0
                 	ADIW R26,@1
                 	ST   X+,R30
                 	ST   X,R31
                 	.ENDM
                 
                 	.MACRO __PUTD1RNS
                 	MOVW R26,R@0
                 	ADIW R26,@1
                 	RCALL __PUTDP1
                 	.ENDM
                 
                 	.MACRO __PUTB1RON
                 	MOV  R26,R@0
                 	MOV  R27,R@1
                 	SUBI R26,LOW(-@2)
                 	SBCI R27,HIGH(-@2)
                 	ST   X,R30
                 	.ENDM
                 
                 	.MACRO __PUTW1RON
                 	MOV  R26,R@0
                 	MOV  R27,R@1
                 	SUBI R26,LOW(-@2)
                 	SBCI R27,HIGH(-@2)
                 	ST   X+,R30
                 	ST   X,R31
                 	.ENDM
                 
                 	.MACRO __PUTD1RON
                 	MOV  R26,R@0
                 	MOV  R27,R@1
                 	SUBI R26,LOW(-@2)
                 	SBCI R27,HIGH(-@2)
                 	RCALL __PUTDP1
                 	.ENDM
                 
                 	.MACRO __PUTB1RONS
                 	MOV  R26,R@0
                 	MOV  R27,R@1
                 	ADIW R26,@2
                 	ST   X,R30
                 	.ENDM
                 
                 	.MACRO __PUTW1RONS
                 	MOV  R26,R@0
                 	MOV  R27,R@1
                 	ADIW R26,@2
                 	ST   X+,R30
                 	ST   X,R31
                 	.ENDM
                 
                 	.MACRO __PUTD1RONS
                 	MOV  R26,R@0
                 	MOV  R27,R@1
                 	ADIW R26,@2
                 	RCALL __PUTDP1
                 	.ENDM
                 
                 
                 	.MACRO __GETB1SX
                 	MOVW R30,R28
                 	SUBI R30,LOW(-@0)
                 	SBCI R31,HIGH(-@0)
                 	LD   R30,Z
                 	.ENDM
                 
                 	.MACRO __GETB1HSX
                 	MOVW R30,R28
                 	SUBI R30,LOW(-@0)
                 	SBCI R31,HIGH(-@0)
                 	LD   R31,Z
                 	.ENDM
                 
                 	.MACRO __GETW1SX
                 	MOVW R30,R28
                 	SUBI R30,LOW(-@0)
                 	SBCI R31,HIGH(-@0)
                 	LD   R0,Z+
                 	LD   R31,Z
                 	MOV  R30,R0
                 	.ENDM
                 
                 	.MACRO __GETD1SX
                 	MOVW R30,R28
                 	SUBI R30,LOW(-@0)
                 	SBCI R31,HIGH(-@0)
                 	LD   R0,Z+
                 	LD   R1,Z+
                 	LD   R22,Z+
                 	LD   R23,Z
                 	MOVW R30,R0
                 	.ENDM
                 
                 	.MACRO __GETB2SX
                 	MOVW R26,R28
                 	SUBI R26,LOW(-@0)
                 	SBCI R27,HIGH(-@0)
                 	LD   R26,X
                 	.ENDM
                 
                 	.MACRO __GETW2SX
                 	MOVW R26,R28
                 	SUBI R26,LOW(-@0)
                 	SBCI R27,HIGH(-@0)
                 	LD   R0,X+
                 	LD   R27,X
                 	MOV  R26,R0
                 	.ENDM
                 
                 	.MACRO __GETD2SX
                 	MOVW R26,R28
                 	SUBI R26,LOW(-@0)
                 	SBCI R27,HIGH(-@0)
                 	LD   R0,X+
                 	LD   R1,X+
                 	LD   R24,X+
                 	LD   R25,X
                 	MOVW R26,R0
                 	.ENDM
                 
                 	.MACRO __GETBRSX
                 	MOVW R30,R28
                 	SUBI R30,LOW(-@1)
                 	SBCI R31,HIGH(-@1)
                 	LD   R@0,Z
                 	.ENDM
                 
                 	.MACRO __GETWRSX
                 	MOVW R30,R28
                 	SUBI R30,LOW(-@2)
                 	SBCI R31,HIGH(-@2)
                 	LD   R@0,Z+
                 	LD   R@1,Z
                 	.ENDM
                 
                 	.MACRO __GETBRSX2
                 	MOVW R26,R28
                 	SUBI R26,LOW(-@1)
                 	SBCI R27,HIGH(-@1)
                 	LD   R@0,X
                 	.ENDM
                 
                 	.MACRO __GETWRSX2
                 	MOVW R26,R28
                 	SUBI R26,LOW(-@2)
                 	SBCI R27,HIGH(-@2)
                 	LD   R@0,X+
                 	LD   R@1,X
                 	.ENDM
                 
                 	.MACRO __LSLW8SX
                 	MOVW R30,R28
                 	SUBI R30,LOW(-@0)
                 	SBCI R31,HIGH(-@0)
                 	LD   R31,Z
                 	CLR  R30
                 	.ENDM
                 
                 	.MACRO __PUTB1SX
                 	MOVW R26,R28
                 	SUBI R26,LOW(-@0)
                 	SBCI R27,HIGH(-@0)
                 	ST   X,R30
                 	.ENDM
                 
                 	.MACRO __PUTW1SX
                 	MOVW R26,R28
                 	SUBI R26,LOW(-@0)
                 	SBCI R27,HIGH(-@0)
                 	ST   X+,R30
                 	ST   X,R31
                 	.ENDM
                 
                 	.MACRO __PUTD1SX
                 	MOVW R26,R28
                 	SUBI R26,LOW(-@0)
                 	SBCI R27,HIGH(-@0)
                 	ST   X+,R30
                 	ST   X+,R31
                 	ST   X+,R22
                 	ST   X,R23
                 	.ENDM
                 
                 	.MACRO __CLRW1SX
                 	MOVW R26,R28
                 	SUBI R26,LOW(-@0)
                 	SBCI R27,HIGH(-@0)
                 	ST   X+,R30
                 	ST   X,R30
                 	.ENDM
                 
                 	.MACRO __CLRD1SX
                 	MOVW R26,R28
                 	SUBI R26,LOW(-@0)
                 	SBCI R27,HIGH(-@0)
                 	ST   X+,R30
                 	ST   X+,R30
                 	ST   X+,R30
                 	ST   X,R30
                 	.ENDM
                 
                 	.MACRO __PUTB2SX
                 	MOVW R30,R28
                 	SUBI R30,LOW(-@0)
                 	SBCI R31,HIGH(-@0)
                 	ST   Z,R26
                 	.ENDM
                 
                 	.MACRO __PUTW2SX
                 	MOVW R30,R28
                 	SUBI R30,LOW(-@0)
                 	SBCI R31,HIGH(-@0)
                 	ST   Z+,R26
                 	ST   Z,R27
                 	.ENDM
                 
                 	.MACRO __PUTD2SX
                 	MOVW R30,R28
                 	SUBI R30,LOW(-@0)
                 	SBCI R31,HIGH(-@0)
                 	ST   Z+,R26
                 	ST   Z+,R27
                 	ST   Z+,R24
                 	ST   Z,R25
                 	.ENDM
                 
                 	.MACRO __PUTBSRX
                 	MOVW R30,R28
                 	SUBI R30,LOW(-@1)
                 	SBCI R31,HIGH(-@1)
                 	ST   Z,R@0
                 	.ENDM
                 
                 	.MACRO __PUTWSRX
                 	MOVW R30,R28
                 	SUBI R30,LOW(-@2)
                 	SBCI R31,HIGH(-@2)
                 	ST   Z+,R@0
                 	ST   Z,R@1
                 	.ENDM
                 
                 	.MACRO __PUTB1SNX
                 	MOVW R26,R28
                 	SUBI R26,LOW(-@0)
                 	SBCI R27,HIGH(-@0)
                 	LD   R0,X+
                 	LD   R27,X
                 	MOV  R26,R0
                 	SUBI R26,LOW(-@1)
                 	SBCI R27,HIGH(-@1)
                 	ST   X,R30
                 	.ENDM
                 
                 	.MACRO __PUTW1SNX
                 	MOVW R26,R28
                 	SUBI R26,LOW(-@0)
                 	SBCI R27,HIGH(-@0)
                 	LD   R0,X+
                 	LD   R27,X
                 	MOV  R26,R0
                 	SUBI R26,LOW(-@1)
                 	SBCI R27,HIGH(-@1)
                 	ST   X+,R30
                 	ST   X,R31
                 	.ENDM
                 
                 	.MACRO __PUTD1SNX
                 	MOVW R26,R28
                 	SUBI R26,LOW(-@0)
                 	SBCI R27,HIGH(-@0)
                 	LD   R0,X+
                 	LD   R27,X
                 	MOV  R26,R0
                 	SUBI R26,LOW(-@1)
                 	SBCI R27,HIGH(-@1)
                 	ST   X+,R30
                 	ST   X+,R31
                 	ST   X+,R22
                 	ST   X,R23
                 	.ENDM
                 
                 	.MACRO __MULBRR
                 	MULS R@0,R@1
                 	MOVW R30,R0
                 	.ENDM
                 
                 	.MACRO __MULBRRU
                 	MUL  R@0,R@1
                 	MOVW R30,R0
                 	.ENDM
                 
                 	.MACRO __MULBRR0
                 	MULS R@0,R@1
                 	.ENDM
                 
                 	.MACRO __MULBRRU0
                 	MUL  R@0,R@1
                 	.ENDM
                 
                 	.MACRO __MULBNWRU
                 	LDI  R26,@2
                 	MUL  R26,R@0
                 	MOVW R30,R0
                 	MUL  R26,R@1
                 	ADD  R31,R0
                 	.ENDM
                 
                 ;NAME DEFINITIONS FOR GLOBAL VARIABLES ALLOCATED TO REGISTERS
                 	.DEF _upperNibble=R5
                 	.DEF _keyCode=R4
                 	.DEF _keyPressed=R7
                 	.DEF _k=R6
                 	.DEF __lcd_x=R9
                 	.DEF __lcd_y=R8
                 	.DEF __lcd_maxx=R11
                 
                 	.CSEG
                 	.ORG 0x00
                 
                 ;START OF CODE MARKER
                 __START_OF_CODE:
                 
                 ;INTERRUPT VECTORS
000000 c024      	RJMP __RESET
000001 cffe      	RJMP 0x00
000002 cffd      	RJMP 0x00
000003 cffc      	RJMP 0x00
000004 cffb      	RJMP 0x00
000005 cffa      	RJMP 0x00
000006 cff9      	RJMP 0x00
000007 cff8      	RJMP 0x00
000008 cff7      	RJMP 0x00
000009 cff6      	RJMP 0x00
00000a cff5      	RJMP 0x00
00000b cff4      	RJMP 0x00
00000c cff3      	RJMP 0x00
00000d cff2      	RJMP 0x00
00000e cff1      	RJMP 0x00
00000f cff0      	RJMP 0x00
000010 cfef      	RJMP 0x00
000011 cfee      	RJMP 0x00
000012 cfed      	RJMP 0x00
                 
                 _tbl10_G101:
000013 2710
000014 03e8
000015 0064
000016 000a      	.DB  0x10,0x27,0xE8,0x3,0x64,0x0,0xA,0x0
000017 0001      	.DB  0x1,0x0
                 _tbl16_G101:
000018 1000
000019 0100
00001a 0010
00001b 0001      	.DB  0x0,0x10,0x0,0x1,0x10,0x0,0x1,0x0
                 
                 _0x0:
00001c 7469
00001d 3a73
00001e 2520
00001f 0063      	.DB  0x69,0x74,0x73,0x3A,0x20,0x25,0x63,0x0
                 _0x2000003:
000020 c080      	.DB  0x80,0xC0
                 
                 __GLOBAL_INI_TBL:
000021 0002      	.DW  0x02
000022 0160      	.DW  __base_y_G100
000023 0040      	.DW  _0x2000003*2
                 
                 _0xFFFFFFFF:
000024 0000      	.DW  0
                 
                 __RESET:
000025 94f8      	CLI
000026 27ee      	CLR  R30
000027 bbec      	OUT  EECR,R30
                 
                 ;INTERRUPT VECTORS ARE PLACED
                 ;AT THE START OF FLASH
000028 e0f1      	LDI  R31,1
000029 bffb      	OUT  GICR,R31
00002a bfeb      	OUT  GICR,R30
00002b bfe5      	OUT  MCUCR,R30
                 
                 ;DISABLE WATCHDOG
00002c e1f8      	LDI  R31,0x18
00002d bdf1      	OUT  WDTCR,R31
00002e bde1      	OUT  WDTCR,R30
                 
                 ;CLEAR R2-R14
00002f e08d      	LDI  R24,(14-2)+1
000030 e0a2      	LDI  R26,2
000031 27bb      	CLR  R27
                 __CLEAR_REG:
000032 93ed      	ST   X+,R30
000033 958a      	DEC  R24
000034 f7e9      	BRNE __CLEAR_REG
                 
                 ;CLEAR SRAM
000035 e080      	LDI  R24,LOW(__CLEAR_SRAM_SIZE)
000036 e094      	LDI  R25,HIGH(__CLEAR_SRAM_SIZE)
000037 e6a0      	LDI  R26,__SRAM_START
                 __CLEAR_SRAM:
000038 93ed      	ST   X+,R30
000039 9701      	SBIW R24,1
00003a f7e9      	BRNE __CLEAR_SRAM
                 
                 ;GLOBAL VARIABLES INITIALIZATION
00003b e4e2      	LDI  R30,LOW(__GLOBAL_INI_TBL*2)
00003c e0f0      	LDI  R31,HIGH(__GLOBAL_INI_TBL*2)
                 __GLOBAL_INI_NEXT:
00003d 9185      	LPM  R24,Z+
00003e 9195      	LPM  R25,Z+
00003f 9700      	SBIW R24,0
000040 f061      	BREQ __GLOBAL_INI_END
000041 91a5      	LPM  R26,Z+
000042 91b5      	LPM  R27,Z+
000043 9005      	LPM  R0,Z+
000044 9015      	LPM  R1,Z+
000045 01bf      	MOVW R22,R30
000046 01f0      	MOVW R30,R0
                 __GLOBAL_INI_LOOP:
000047 9005      	LPM  R0,Z+
000048 920d      	ST   X+,R0
000049 9701      	SBIW R24,1
00004a f7e1      	BRNE __GLOBAL_INI_LOOP
00004b 01fb      	MOVW R30,R22
00004c cff0      	RJMP __GLOBAL_INI_NEXT
                 __GLOBAL_INI_END:
                 
                 ;HARDWARE STACK POINTER INITIALIZATION
00004d e5ef      	LDI  R30,LOW(__SRAM_END-__HEAP_SIZE)
00004e bfed      	OUT  SPL,R30
00004f e0e4      	LDI  R30,HIGH(__SRAM_END-__HEAP_SIZE)
000050 bfee      	OUT  SPH,R30
                 
                 ;DATA STACK POINTER INITIALIZATION
000051 e6c0      	LDI  R28,LOW(__SRAM_START+__DSTACK_SIZE)
000052 e0d1      	LDI  R29,HIGH(__SRAM_START+__DSTACK_SIZE)
                 
000053 c095      	RJMP _main
                 
                 	.ESEG
                 	.ORG 0
                 
                 	.DSEG
                 	.ORG 0x160
                 
                 	.CSEG
                 ;/*****************************************************
                 ;This program was produced by the
                 ;CodeWizardAVR V2.05.3 Standard
                 ;Automatic Program Generator
                 ;© Copyright 1998-2011 Pavel Haiduc, HP InfoTech s.r.l.
                 ;http://www.hpinfotech.com
                 ;
                 ;Project :
                 ;Version :
                 ;Date    : 12/29/2020
                 ;Author  : M
                 ;Company :
                 ;Comments:
                 ;
                 ;
                 ;Chip type               : ATmega8
                 ;Program type            : Application
                 ;AVR Core Clock frequency: 8.000000 MHz
                 ;Memory model            : Small
                 ;External RAM size       : 0
                 ;Data Stack size         : 256
                 ;*****************************************************/
                 ;
                 ;#include <mega8.h>
                 	#ifndef __SLEEP_DEFINED__
                 	#define __SLEEP_DEFINED__
                 	.EQU __se_bit=0x80
                 	.EQU __sm_mask=0x70
                 	.EQU __sm_powerdown=0x20
                 	.EQU __sm_powersave=0x30
                 	.EQU __sm_standby=0x60
                 	.EQU __sm_ext_standby=0x70
                 	.EQU __sm_adc_noise_red=0x10
                 	.SET power_ctrl_reg=mcucr
                 	#endif
                 ;
                 ;// Alphanumeric LCD functions
                 ;#include <alcd.h>
                 ;#include <stdio.h>
                 ;#include <delay.h>
                 ;
                 ;// Declare your global variables here
                 ;#define Rows PORTC   //Pc0,pc1,pc2,pc3
                 ;#define Columns PIND //PD4,PD5,PD6
                 ;
                 ;unsigned char upperNibble, keyCode, keyPressed,k;
                 ;
                 ;char press_key()
                 ; 0000 0026 {
                 
                 	.CSEG
                 _press_key:
                 ; 0000 0027     unsigned char i;
                 ; 0000 0028     DDRC = 0x0f;
000054 931a      	ST   -Y,R17
                 ;	i -> R17
000055 e0ef      	LDI  R30,LOW(15)
000056 bbe4      	OUT  0x14,R30
                 ; 0000 0029     PORTC = 0x0f;
000057 bbe5      	OUT  0x15,R30
                 ; 0000 002A     PORTD = 0xf0;
000058 efe0      	LDI  R30,LOW(240)
000059 bbe2      	OUT  0x12,R30
                 ; 0000 002B     k = 1;
00005a e0e1      	LDI  R30,LOW(1)
00005b 2e6e      	MOV  R6,R30
                 ; 0000 002C     while (k == 1)
                 _0x3:
00005c e0e1      	LDI  R30,LOW(1)
00005d 15e6      	CP   R30,R6
00005e f009      	BREQ PC+2
00005f c086      	RJMP _0x5
                 ; 0000 002D     {
                 ; 0000 002E 
                 ; 0000 002F         upperNibble = 0xff;
000060 efef      	LDI  R30,LOW(255)
000061 2e5e      	MOV  R5,R30
                 ; 0000 0030 
                 ; 0000 0031         for (i = 0; i < 4; i++)
000062 e010      	LDI  R17,LOW(0)
                 _0x7:
000063 3014      	CPI  R17,4
000064 f008      	BRLO PC+2
000065 c07f      	RJMP _0x8
                 ; 0000 0032         {
                 ; 0000 0033             delay_ms(1);
000066 d2cd      	RCALL SUBOPT_0x0
                 ; 0000 0034             Rows = ~(0x01 << i);
000067 d2cf      	RCALL SUBOPT_0x1
000068 bbe5      	OUT  0x15,R30
                 ; 0000 0035             delay_ms(1);
000069 d2ca      	RCALL SUBOPT_0x0
                 ; 0000 0036             upperNibble = Columns | 0x0f;
00006a d2d1      	RCALL SUBOPT_0x2
                 ; 0000 0037 
                 ; 0000 0038             if (upperNibble != 0xff)
00006b f409      	BRNE PC+2
00006c c076      	RJMP _0x9
                 ; 0000 0039             {
                 ; 0000 003A                 delay_ms(20); //key debouncing delay
00006d d2d4      	RCALL SUBOPT_0x3
                 ; 0000 003B                 upperNibble = Columns | 0x0f;
00006e d2cd      	RCALL SUBOPT_0x2
                 ; 0000 003C                 if (upperNibble == 0xff)
00006f f409      	BRNE _0xA
                 ; 0000 003D                     goto OUT;
000070 c072      	RJMP _0xB
                 ; 0000 003E 
                 ; 0000 003F                 keyCode = (upperNibble & 0xf0) | (0x0f & ~(0x01 << i));
                 _0xA:
000071 2de5      	MOV  R30,R5
000072 7fe0      	ANDI R30,LOW(0xF0)
000073 2e1e      	MOV  R1,R30
000074 d2c2      	RCALL SUBOPT_0x1
000075 70ef      	ANDI R30,LOW(0xF)
000076 29e1      	OR   R30,R1
000077 2e4e      	MOV  R4,R30
                 ; 0000 0040 
                 ; 0000 0041                 while (upperNibble != 0xff)
                 _0xC:
000078 efef      	LDI  R30,LOW(255)
000079 15e5      	CP   R30,R5
00007a f021      	BREQ _0xE
                 ; 0000 0042                     upperNibble = Columns | 0x0f;
00007b b3e0      	IN   R30,0x10
00007c 60ef      	ORI  R30,LOW(0xF)
00007d 2e5e      	MOV  R5,R30
00007e cff9      	RJMP _0xC
                 _0xE:
                 ; 0000 0044 delay_ms(20);
00007f d2c2      	RCALL SUBOPT_0x3
                 ; 0000 0045 
                 ; 0000 0046                 switch (keyCode)
000080 2de4      	MOV  R30,R4
000081 e0f0      	LDI  R31,0
                 ; 0000 0047                 {
                 ; 0000 0048                 case (0xee):
000082 3eee      	CPI  R30,LOW(0xEE)
000083 e0a0      	LDI  R26,HIGH(0xEE)
000084 07fa      	CPC  R31,R26
000085 f411      	BRNE _0x12
                 ; 0000 0049                     keyPressed = '1';
000086 e3e1      	LDI  R30,LOW(49)
000087 c059      	RJMP _0x27
                 ; 0000 004A                     k = 0;
                 ; 0000 004B                     break;
                 ; 0000 004C                 case (0xed):
                 _0x12:
000088 3eed      	CPI  R30,LOW(0xED)
000089 e0a0      	LDI  R26,HIGH(0xED)
00008a 07fa      	CPC  R31,R26
00008b f411      	BRNE _0x13
                 ; 0000 004D                     keyPressed = '4';
00008c e3e4      	LDI  R30,LOW(52)
00008d c053      	RJMP _0x27
                 ; 0000 004E                     k = 0;
                 ; 0000 004F                     break;
                 ; 0000 0050                 case (0xeb):
                 _0x13:
00008e 3eeb      	CPI  R30,LOW(0xEB)
00008f e0a0      	LDI  R26,HIGH(0xEB)
000090 07fa      	CPC  R31,R26
000091 f411      	BRNE _0x14
                 ; 0000 0051                     keyPressed = '7';
000092 e3e7      	LDI  R30,LOW(55)
000093 c04d      	RJMP _0x27
                 ; 0000 0052                     k = 0;
                 ; 0000 0053                     break;
                 ; 0000 0054                 case (0xe7):
                 _0x14:
000094 3ee7      	CPI  R30,LOW(0xE7)
000095 e0a0      	LDI  R26,HIGH(0xE7)
000096 07fa      	CPC  R31,R26
000097 f411      	BRNE _0x15
                 ; 0000 0055                     keyPressed = '*';
000098 e2ea      	LDI  R30,LOW(42)
000099 c047      	RJMP _0x27
                 ; 0000 0056                     k = 0;
                 ; 0000 0057                     break;
                 ; 0000 0058                 case (0xde):
                 _0x15:
00009a 3dee      	CPI  R30,LOW(0xDE)
00009b e0a0      	LDI  R26,HIGH(0xDE)
00009c 07fa      	CPC  R31,R26
00009d f411      	BRNE _0x16
                 ; 0000 0059                     keyPressed = '2';
00009e e3e2      	LDI  R30,LOW(50)
00009f c041      	RJMP _0x27
                 ; 0000 005A                     k = 0;
                 ; 0000 005B                     break;
                 ; 0000 005C                 case (0xdd):
                 _0x16:
0000a0 3ded      	CPI  R30,LOW(0xDD)
0000a1 e0a0      	LDI  R26,HIGH(0xDD)
0000a2 07fa      	CPC  R31,R26
0000a3 f411      	BRNE _0x17
                 ; 0000 005D                     keyPressed = '5';
0000a4 e3e5      	LDI  R30,LOW(53)
0000a5 c03b      	RJMP _0x27
                 ; 0000 005E                     k = 0;
                 ; 0000 005F                     break;
                 ; 0000 0060                 case (0xdb):
                 _0x17:
0000a6 3deb      	CPI  R30,LOW(0xDB)
0000a7 e0a0      	LDI  R26,HIGH(0xDB)
0000a8 07fa      	CPC  R31,R26
0000a9 f411      	BRNE _0x18
                 ; 0000 0061                     keyPressed = '8';
0000aa e3e8      	LDI  R30,LOW(56)
0000ab c035      	RJMP _0x27
                 ; 0000 0062                     k = 0;
                 ; 0000 0063                     break;
                 ; 0000 0064                 case (0xd7):
                 _0x18:
0000ac 3de7      	CPI  R30,LOW(0xD7)
0000ad e0a0      	LDI  R26,HIGH(0xD7)
0000ae 07fa      	CPC  R31,R26
0000af f411      	BRNE _0x19
                 ; 0000 0065                     keyPressed = '0';
0000b0 e3e0      	LDI  R30,LOW(48)
0000b1 c02f      	RJMP _0x27
                 ; 0000 0066                     k = 0;
                 ; 0000 0067                     break;
                 ; 0000 0068                 case (0xbe):
                 _0x19:
0000b2 3bee      	CPI  R30,LOW(0xBE)
0000b3 e0a0      	LDI  R26,HIGH(0xBE)
0000b4 07fa      	CPC  R31,R26
0000b5 f411      	BRNE _0x1A
                 ; 0000 0069                     keyPressed = '3';
0000b6 e3e3      	LDI  R30,LOW(51)
0000b7 c029      	RJMP _0x27
                 ; 0000 006A                     k = 0;
                 ; 0000 006B                     break;
                 ; 0000 006C                 case (0xbd):
                 _0x1A:
0000b8 3bed      	CPI  R30,LOW(0xBD)
0000b9 e0a0      	LDI  R26,HIGH(0xBD)
0000ba 07fa      	CPC  R31,R26
0000bb f411      	BRNE _0x1B
                 ; 0000 006D                     keyPressed = '6';
0000bc e3e6      	LDI  R30,LOW(54)
0000bd c023      	RJMP _0x27
                 ; 0000 006E                     k = 0;
                 ; 0000 006F                     break;
                 ; 0000 0070                 case (0xbb):
                 _0x1B:
0000be 3beb      	CPI  R30,LOW(0xBB)
0000bf e0a0      	LDI  R26,HIGH(0xBB)
0000c0 07fa      	CPC  R31,R26
0000c1 f411      	BRNE _0x1C
                 ; 0000 0071                     keyPressed = '9';
0000c2 e3e9      	LDI  R30,LOW(57)
0000c3 c01d      	RJMP _0x27
                 ; 0000 0072                     k = 0;
                 ; 0000 0073                     break;
                 ; 0000 0074                 case (0xb7):
                 _0x1C:
0000c4 3be7      	CPI  R30,LOW(0xB7)
0000c5 e0a0      	LDI  R26,HIGH(0xB7)
0000c6 07fa      	CPC  R31,R26
0000c7 f411      	BRNE _0x1D
                 ; 0000 0075                     keyPressed = '#';
0000c8 e2e3      	LDI  R30,LOW(35)
0000c9 c017      	RJMP _0x27
                 ; 0000 0076                     k = 0;
                 ; 0000 0077                     break;
                 ; 0000 0078                 case (0x7e):
                 _0x1D:
0000ca 37ee      	CPI  R30,LOW(0x7E)
0000cb e0a0      	LDI  R26,HIGH(0x7E)
0000cc 07fa      	CPC  R31,R26
0000cd f411      	BRNE _0x1E
                 ; 0000 0079                     keyPressed = '/';
0000ce e2ef      	LDI  R30,LOW(47)
0000cf c011      	RJMP _0x27
                 ; 0000 007A                     k = 0;
                 ; 0000 007B                     break;
                 ; 0000 007C                 case (0x7d):
                 _0x1E:
0000d0 37ed      	CPI  R30,LOW(0x7D)
0000d1 e0a0      	LDI  R26,HIGH(0x7D)
0000d2 07fa      	CPC  R31,R26
0000d3 f061      	BREQ _0x28
                 ; 0000 007D                     keyPressed = 'X';
                 ; 0000 007E                     k = 0;
                 ; 0000 007F                     break;
                 ; 0000 0080                 case (0x7b):
0000d4 37eb      	CPI  R30,LOW(0x7B)
0000d5 e0a0      	LDI  R26,HIGH(0x7B)
0000d6 07fa      	CPC  R31,R26
0000d7 f411      	BRNE _0x20
                 ; 0000 0081                     keyPressed = '-';
0000d8 e2ed      	LDI  R30,LOW(45)
0000d9 c007      	RJMP _0x27
                 ; 0000 0082                     k = 0;
                 ; 0000 0083                     break;
                 ; 0000 0084                 case (0x77):
                 _0x20:
0000da 37e7      	CPI  R30,LOW(0x77)
0000db e0a0      	LDI  R26,HIGH(0x77)
0000dc 07fa      	CPC  R31,R26
0000dd f411      	BRNE _0x22
                 ; 0000 0085                     keyPressed = '+';
0000de e2eb      	LDI  R30,LOW(43)
0000df c001      	RJMP _0x27
                 ; 0000 0086                     k = 0;
                 ; 0000 0087                     break;
                 ; 0000 0088                 default:
                 _0x22:
                 ; 0000 0089                     keyPressed = 'X';
                 _0x28:
0000e0 e5e8      	LDI  R30,LOW(88)
                 _0x27:
0000e1 2e7e      	MOV  R7,R30
                 ; 0000 008A                     k = 0;
0000e2 2466      	CLR  R6
                 ; 0000 008B                 }
                 ; 0000 008C             OUT:;
                 _0xB:
                 ; 0000 008D             }
                 ; 0000 008E         }
                 _0x9:
0000e3 5f1f      	SUBI R17,-1
0000e4 cf7e      	RJMP _0x7
                 _0x8:
                 ; 0000 008F     }
0000e5 cf76      	RJMP _0x3
                 _0x5:
                 ; 0000 0090     return keyPressed;
0000e6 2de7      	MOV  R30,R7
0000e7 9119      	LD   R17,Y+
0000e8 9508      	RET
                 ; 0000 0091 }
                 ;
                 ;void main(void)
                 ; 0000 0094 {
                 _main:
                 ; 0000 0095 // Declare your local variables here
                 ; 0000 0096 
                 ; 0000 0097 // Input/Output Ports initialization
                 ; 0000 0098 // Port B initialization
                 ; 0000 0099 // Func7=In Func6=In Func5=In Func4=In Func3=In Func2=In Func1=In Func0=In
                 ; 0000 009A // State7=T State6=T State5=T State4=T State3=T State2=T State1=T State0=T
                 ; 0000 009B PORTB=0x00;
0000e9 e0e0      	LDI  R30,LOW(0)
0000ea bbe8      	OUT  0x18,R30
                 ; 0000 009C DDRB=0x00;
0000eb bbe7      	OUT  0x17,R30
                 ; 0000 009D 
                 ; 0000 009E // Port C initialization
                 ; 0000 009F // Func6=In Func5=In Func4=In Func3=In Func2=In Func1=In Func0=In
                 ; 0000 00A0 // State6=T State5=T State4=T State3=T State2=T State1=T State0=T
                 ; 0000 00A1 PORTC=0x00;
0000ec bbe5      	OUT  0x15,R30
                 ; 0000 00A2 DDRC=0x00;
0000ed bbe4      	OUT  0x14,R30
                 ; 0000 00A3 
                 ; 0000 00A4 // Port D initialization
                 ; 0000 00A5 // Func7=In Func6=In Func5=In Func4=In Func3=In Func2=In Func1=In Func0=In
                 ; 0000 00A6 // State7=T State6=T State5=T State4=T State3=T State2=T State1=T State0=T
                 ; 0000 00A7 PORTD=0x00;
0000ee bbe2      	OUT  0x12,R30
                 ; 0000 00A8 DDRD=0x00;
0000ef bbe1      	OUT  0x11,R30
                 ; 0000 00A9 
                 ; 0000 00AA // Timer/Counter 0 initialization
                 ; 0000 00AB // Clock source: System Clock
                 ; 0000 00AC // Clock value: Timer 0 Stopped
                 ; 0000 00AD TCCR0=0x00;
0000f0 bfe3      	OUT  0x33,R30
                 ; 0000 00AE TCNT0=0x00;
0000f1 bfe2      	OUT  0x32,R30
                 ; 0000 00AF 
                 ; 0000 00B0 // Timer/Counter 1 initialization
                 ; 0000 00B1 // Clock source: System Clock
                 ; 0000 00B2 // Clock value: Timer1 Stopped
                 ; 0000 00B3 // Mode: Normal top=0xFFFF
                 ; 0000 00B4 // OC1A output: Discon.
                 ; 0000 00B5 // OC1B output: Discon.
                 ; 0000 00B6 // Noise Canceler: Off
                 ; 0000 00B7 // Input Capture on Falling Edge
                 ; 0000 00B8 // Timer1 Overflow Interrupt: Off
                 ; 0000 00B9 // Input Capture Interrupt: Off
                 ; 0000 00BA // Compare A Match Interrupt: Off
                 ; 0000 00BB // Compare B Match Interrupt: Off
                 ; 0000 00BC TCCR1A=0x00;
0000f2 bdef      	OUT  0x2F,R30
                 ; 0000 00BD TCCR1B=0x00;
0000f3 bdee      	OUT  0x2E,R30
                 ; 0000 00BE TCNT1H=0x00;
0000f4 bded      	OUT  0x2D,R30
                 ; 0000 00BF TCNT1L=0x00;
0000f5 bdec      	OUT  0x2C,R30
                 ; 0000 00C0 ICR1H=0x00;
0000f6 bde7      	OUT  0x27,R30
                 ; 0000 00C1 ICR1L=0x00;
0000f7 bde6      	OUT  0x26,R30
                 ; 0000 00C2 OCR1AH=0x00;
0000f8 bdeb      	OUT  0x2B,R30
                 ; 0000 00C3 OCR1AL=0x00;
0000f9 bdea      	OUT  0x2A,R30
                 ; 0000 00C4 OCR1BH=0x00;
0000fa bde9      	OUT  0x29,R30
                 ; 0000 00C5 OCR1BL=0x00;
0000fb bde8      	OUT  0x28,R30
                 ; 0000 00C6 
                 ; 0000 00C7 // Timer/Counter 2 initialization
                 ; 0000 00C8 // Clock source: System Clock
                 ; 0000 00C9 // Clock value: Timer2 Stopped
                 ; 0000 00CA // Mode: Normal top=0xFF
                 ; 0000 00CB // OC2 output: Disconnected
                 ; 0000 00CC ASSR=0x00;
0000fc bde2      	OUT  0x22,R30
                 ; 0000 00CD TCCR2=0x00;
0000fd bde5      	OUT  0x25,R30
                 ; 0000 00CE TCNT2=0x00;
0000fe bde4      	OUT  0x24,R30
                 ; 0000 00CF OCR2=0x00;
0000ff bde3      	OUT  0x23,R30
                 ; 0000 00D0 
                 ; 0000 00D1 // External Interrupt(s) initialization
                 ; 0000 00D2 // INT0: Off
                 ; 0000 00D3 // INT1: Off
                 ; 0000 00D4 MCUCR=0x00;
000100 bfe5      	OUT  0x35,R30
                 ; 0000 00D5 
                 ; 0000 00D6 // Timer(s)/Counter(s) Interrupt(s) initialization
                 ; 0000 00D7 TIMSK=0x00;
000101 bfe9      	OUT  0x39,R30
                 ; 0000 00D8 
                 ; 0000 00D9 // USART initialization
                 ; 0000 00DA // USART disabled
                 ; 0000 00DB UCSRB=0x00;
000102 b9ea      	OUT  0xA,R30
                 ; 0000 00DC 
                 ; 0000 00DD // Analog Comparator initialization
                 ; 0000 00DE // Analog Comparator: Off
                 ; 0000 00DF // Analog Comparator Input Capture by Timer/Counter 1: Off
                 ; 0000 00E0 ACSR=0x80;
000103 e8e0      	LDI  R30,LOW(128)
000104 b9e8      	OUT  0x8,R30
                 ; 0000 00E1 SFIOR=0x00;
000105 e0e0      	LDI  R30,LOW(0)
000106 bfe0      	OUT  0x30,R30
                 ; 0000 00E2 
                 ; 0000 00E3 // ADC initialization
                 ; 0000 00E4 // ADC disabled
                 ; 0000 00E5 ADCSRA=0x00;
000107 b9e6      	OUT  0x6,R30
                 ; 0000 00E6 
                 ; 0000 00E7 // SPI initialization
                 ; 0000 00E8 // SPI disabled
                 ; 0000 00E9 SPCR=0x00;
000108 b9ed      	OUT  0xD,R30
                 ; 0000 00EA 
                 ; 0000 00EB // TWI initialization
                 ; 0000 00EC // TWI disabled
                 ; 0000 00ED TWCR=0x00;
000109 bfe6      	OUT  0x36,R30
                 ; 0000 00EE 
                 ; 0000 00EF // Alphanumeric LCD initialization
                 ; 0000 00F0 // Connections are specified in the
                 ; 0000 00F1 // Project|Configure|C Compiler|Libraries|Alphanumeric LCD menu:
                 ; 0000 00F2 // RS - PORTB Bit 4
                 ; 0000 00F3 // RD - PORTB Bit 5
                 ; 0000 00F4 // EN - PORTB Bit 6
                 ; 0000 00F5 // D4 - PORTB Bit 0
                 ; 0000 00F6 // D5 - PORTB Bit 1
                 ; 0000 00F7 // D6 - PORTB Bit 2
                 ; 0000 00F8 // D7 - PORTB Bit 3
                 ; 0000 00F9 // Characters/line: 16
                 ; 0000 00FA lcd_init(16);
00010a e1a0      	LDI  R26,LOW(16)
00010b d079      	RCALL _lcd_init
                 ; 0000 00FB 
                 ; 0000 00FC while (1)
                 _0x23:
                 ; 0000 00FD       {
                 ; 0000 00FE       // Place your code here
                 ; 0000 00FF       char strbuff[20];
                 ; 0000 0100       char keyPressed = press_key();
                 ; 0000 0101       sprintf(strbuff, "its: %c", keyPressed);
00010c 9765      	SBIW R28,21
                 ;	strbuff -> Y+1
                 ;	keyPressed -> Y+0
00010d df46      	RCALL _press_key
00010e 83e8      	ST   Y,R30
00010f 01fe      	MOVW R30,R28
000110 9631      	ADIW R30,1
000111 d233      	RCALL SUBOPT_0x4
                +
000112 e3e8     +LDI R30 , LOW ( 2 * _0x0 + ( 0 ) )
000113 e0f0     +LDI R31 , HIGH ( 2 * _0x0 + ( 0 ) )
                 	__POINTW1FN _0x0,0
000114 d230      	RCALL SUBOPT_0x4
000115 81ec      	LDD  R30,Y+4
000116 27ff      	CLR  R31
000117 2766      	CLR  R22
000118 2777      	CLR  R23
000119 d291      	RCALL __PUTPARD1
00011a e084      	LDI  R24,4
00011b d1d7      	RCALL _sprintf
00011c 9628      	ADIW R28,8
                 ; 0000 0102 
                 ; 0000 0103       lcd_puts(strbuff);
00011d 01de      	MOVW R26,R28
00011e 9611      	ADIW R26,1
00011f d055      	RCALL _lcd_puts
                 ; 0000 0104       delay_ms(100);
000120 e6a4      	LDI  R26,LOW(100)
000121 d226      	RCALL SUBOPT_0x5
                 ; 0000 0105 
                 ; 0000 0106       }
000122 9665      	ADIW R28,21
000123 cfe8      	RJMP _0x23
                 ; 0000 0107 }
                 _0x26:
000124 cfff      	RJMP _0x26
                 ;
                 	#ifndef __SLEEP_DEFINED__
                 	#endif
                 
                 	.DSEG
                 
                 	.CSEG
                 __lcd_write_nibble_G100:
000125 93aa      	ST   -Y,R26
000126 b3e8      	IN   R30,0x18
000127 7fe0      	ANDI R30,LOW(0xF0)
000128 2fae      	MOV  R26,R30
000129 81e8      	LD   R30,Y
00012a 95e2      	SWAP R30
00012b 70ef      	ANDI R30,0xF
00012c 2bea      	OR   R30,R26
00012d bbe8      	OUT  0x18,R30
                +
00012e e085     +LDI R24 , LOW ( 5 )
                +__DELAY_USB_LOOP :
00012f 958a     +DEC R24
000130 f7f1     +BRNE __DELAY_USB_LOOP
                 	__DELAY_USB 5
000131 9ac6      	SBI  0x18,6
                +
000132 e08d     +LDI R24 , LOW ( 13 )
                +__DELAY_USB_LOOP :
000133 958a     +DEC R24
000134 f7f1     +BRNE __DELAY_USB_LOOP
                 	__DELAY_USB 13
000135 98c6      	CBI  0x18,6
                +
000136 e08d     +LDI R24 , LOW ( 13 )
                +__DELAY_USB_LOOP :
000137 958a     +DEC R24
000138 f7f1     +BRNE __DELAY_USB_LOOP
                 	__DELAY_USB 13
000139 c071      	RJMP _0x2080002
                 __lcd_write_data:
00013a 93aa      	ST   -Y,R26
00013b 81a8      	LD   R26,Y
00013c dfe8      	RCALL __lcd_write_nibble_G100
00013d 81e8          ld    r30,y
00013e 95e2          swap  r30
00013f 83e8          st    y,r30
000140 81a8      	LD   R26,Y
000141 dfe3      	RCALL __lcd_write_nibble_G100
                +
000142 e885     +LDI R24 , LOW ( 133 )
                +__DELAY_USB_LOOP :
000143 958a     +DEC R24
000144 f7f1     +BRNE __DELAY_USB_LOOP
                 	__DELAY_USB 133
000145 c065      	RJMP _0x2080002
                 _lcd_gotoxy:
000146 93aa      	ST   -Y,R26
000147 81e8      	LD   R30,Y
000148 e0f0      	LDI  R31,0
000149 5ae0      	SUBI R30,LOW(-__base_y_G100)
00014a 4ffe      	SBCI R31,HIGH(-__base_y_G100)
00014b 81e0      	LD   R30,Z
00014c 81a9      	LDD  R26,Y+1
00014d 0fae      	ADD  R26,R30
00014e dfeb      	RCALL __lcd_write_data
00014f 8099      	LDD  R9,Y+1
000150 8088      	LDD  R8,Y+0
000151 9622      	ADIW R28,2
000152 9508      	RET
                 _lcd_clear:
000153 e0a2      	LDI  R26,LOW(2)
000154 dfe5      	RCALL __lcd_write_data
000155 e0a3      	LDI  R26,LOW(3)
000156 d1f1      	RCALL SUBOPT_0x5
000157 e0ac      	LDI  R26,LOW(12)
000158 dfe1      	RCALL __lcd_write_data
000159 e0a1      	LDI  R26,LOW(1)
00015a dfdf      	RCALL __lcd_write_data
00015b e0a3      	LDI  R26,LOW(3)
00015c d1eb      	RCALL SUBOPT_0x5
00015d e0e0      	LDI  R30,LOW(0)
00015e 2e8e      	MOV  R8,R30
00015f 2e9e      	MOV  R9,R30
000160 9508      	RET
                 _lcd_putchar:
000161 93aa      	ST   -Y,R26
000162 81a8      	LD   R26,Y
000163 30aa      	CPI  R26,LOW(0xA)
000164 f011      	BREQ _0x2000005
000165 149b      	CP   R9,R11
000166 f040      	BRLO _0x2000004
                 _0x2000005:
000167 e0e0      	LDI  R30,LOW(0)
000168 93ea      	ST   -Y,R30
000169 9483      	INC  R8
00016a 2da8      	MOV  R26,R8
00016b dfda      	RCALL _lcd_gotoxy
00016c 81a8      	LD   R26,Y
00016d 30aa      	CPI  R26,LOW(0xA)
00016e f1e1      	BREQ _0x2080002
                 _0x2000004:
00016f 9493      	INC  R9
000170 9ac4      	SBI  0x18,4
000171 81a8      	LD   R26,Y
000172 dfc7      	RCALL __lcd_write_data
000173 98c4      	CBI  0x18,4
000174 c036      	RJMP _0x2080002
                 _lcd_puts:
000175 d1d4      	RCALL SUBOPT_0x6
000176 931a      	ST   -Y,R17
                 _0x2000008:
000177 81a9      	LDD  R26,Y+1
000178 81ba      	LDD  R27,Y+1+1
000179 91ed      	LD   R30,X+
00017a 83a9      	STD  Y+1,R26
00017b 83ba      	STD  Y+1+1,R27
00017c 2f1e      	MOV  R17,R30
00017d 30e0      	CPI  R30,0
00017e f019      	BREQ _0x200000A
00017f 2fa1      	MOV  R26,R17
000180 dfe0      	RCALL _lcd_putchar
000181 cff5      	RJMP _0x2000008
                 _0x200000A:
000182 8118      	LDD  R17,Y+0
000183 9623      	ADIW R28,3
000184 9508      	RET
                 _lcd_init:
000185 93aa      	ST   -Y,R26
000186 b3e7      	IN   R30,0x17
000187 60ef      	ORI  R30,LOW(0xF)
000188 bbe7      	OUT  0x17,R30
000189 9abe      	SBI  0x17,6
00018a 9abc      	SBI  0x17,4
00018b 9abd      	SBI  0x17,5
00018c 98c6      	CBI  0x18,6
00018d 98c4      	CBI  0x18,4
00018e 98c5      	CBI  0x18,5
00018f 80b8      	LDD  R11,Y+0
000190 81e8      	LD   R30,Y
000191 58e0      	SUBI R30,-LOW(128)
                +
000192 93e0 0162+STS __base_y_G100 + ( 2 ) , R30
                 	__PUTB1MN __base_y_G100,2
000194 81e8      	LD   R30,Y
000195 54e0      	SUBI R30,-LOW(192)
                +
000196 93e0 0163+STS __base_y_G100 + ( 3 ) , R30
                 	__PUTB1MN __base_y_G100,3
000198 d1a9      	RCALL SUBOPT_0x3
000199 d1b3      	RCALL SUBOPT_0x7
00019a d1b2      	RCALL SUBOPT_0x7
00019b d1b1      	RCALL SUBOPT_0x7
00019c e2a0      	LDI  R26,LOW(32)
00019d df87      	RCALL __lcd_write_nibble_G100
                +
00019e ec88     +LDI R24 , LOW ( 200 )
00019f e090     +LDI R25 , HIGH ( 200 )
                +__DELAY_USW_LOOP :
0001a0 9701     +SBIW R24 , 1
0001a1 f7f1     +BRNE __DELAY_USW_LOOP
                 	__DELAY_USW 200
0001a2 e2a8      	LDI  R26,LOW(40)
0001a3 df96      	RCALL __lcd_write_data
0001a4 e0a4      	LDI  R26,LOW(4)
0001a5 df94      	RCALL __lcd_write_data
0001a6 e8a5      	LDI  R26,LOW(133)
0001a7 df92      	RCALL __lcd_write_data
0001a8 e0a6      	LDI  R26,LOW(6)
0001a9 df90      	RCALL __lcd_write_data
0001aa dfa8      	RCALL _lcd_clear
                 _0x2080002:
0001ab 9621      	ADIW R28,1
0001ac 9508      	RET
                 	#ifndef __SLEEP_DEFINED__
                 	#endif
                 
                 	.CSEG
                 _put_buff_G101:
0001ad d19c      	RCALL SUBOPT_0x6
0001ae d205      	RCALL __SAVELOCR2
0001af d1a4      	RCALL SUBOPT_0x8
0001b0 9612      	ADIW R26,2
0001b1 d1f1      	RCALL __GETW1P
0001b2 9730      	SBIW R30,0
0001b3 f0f1      	BREQ _0x2020010
0001b4 d19f      	RCALL SUBOPT_0x8
0001b5 d1a1      	RCALL SUBOPT_0x9
0001b6 018f      	MOVW R16,R30
0001b7 9730      	SBIW R30,0
0001b8 f061      	BREQ _0x2020012
                +
0001b9 3002     +CPI R16 , LOW ( 2 )
0001ba e0e0     +LDI R30 , HIGH ( 2 )
0001bb 071e     +CPC R17 , R30
                 	__CPWRN 16,17,2
0001bc f0a0      	BRLO _0x2020013
0001bd 01f8      	MOVW R30,R16
0001be 9731      	SBIW R30,1
0001bf 018f      	MOVW R16,R30
                +
0001c0 81aa     +LDD R26 , Y + 2
0001c1 81bb     +LDD R27 , Y + 2 + 1
0001c2 9614     +ADIW R26 , 4
0001c3 93ed     +ST X + , R30
0001c4 93fc     +ST X , R31
                 	__PUTW1SNS 2,4
                 _0x2020012:
0001c5 d18e      	RCALL SUBOPT_0x8
0001c6 9612      	ADIW R26,2
0001c7 d192      	RCALL SUBOPT_0xA
0001c8 9731      	SBIW R30,1
0001c9 81ac      	LDD  R26,Y+4
0001ca 83a0      	STD  Z+0,R26
0001cb d188      	RCALL SUBOPT_0x8
0001cc d1d6      	RCALL __GETW1P
0001cd 23ff      	TST  R31
0001ce f012      	BRMI _0x2020014
0001cf d184      	RCALL SUBOPT_0x8
0001d0 d189      	RCALL SUBOPT_0xA
                 _0x2020014:
                 _0x2020013:
0001d1 c005      	RJMP _0x2020015
                 _0x2020010:
0001d2 d181      	RCALL SUBOPT_0x8
0001d3 efef      	LDI  R30,LOW(65535)
0001d4 efff      	LDI  R31,HIGH(65535)
0001d5 93ed      	ST   X+,R30
0001d6 93fc      	ST   X,R31
                 _0x2020015:
0001d7 d1e3      	RCALL __LOADLOCR2
0001d8 9625      	ADIW R28,5
0001d9 9508      	RET
                 __print_G101:
0001da d16f      	RCALL SUBOPT_0x6
0001db 9726      	SBIW R28,6
0001dc d1d3      	RCALL __SAVELOCR6
0001dd e010      	LDI  R17,0
0001de 85ac      	LDD  R26,Y+12
0001df 85bd      	LDD  R27,Y+12+1
0001e0 e0e0      	LDI  R30,LOW(0)
0001e1 e0f0      	LDI  R31,HIGH(0)
0001e2 93ed      	ST   X+,R30
0001e3 93fc      	ST   X,R31
                 _0x2020016:
0001e4 89ea      	LDD  R30,Y+18
0001e5 89fb      	LDD  R31,Y+18+1
0001e6 9631      	ADIW R30,1
0001e7 8bea      	STD  Y+18,R30
0001e8 8bfb      	STD  Y+18+1,R31
0001e9 9731      	SBIW R30,1
0001ea 91e4      	LPM  R30,Z
0001eb 2f2e      	MOV  R18,R30
0001ec 30e0      	CPI  R30,0
0001ed f409      	BRNE PC+2
0001ee c0fe      	RJMP _0x2020018
0001ef 2fe1      	MOV  R30,R17
0001f0 30e0      	CPI  R30,0
0001f1 f431      	BRNE _0x202001C
0001f2 3225      	CPI  R18,37
0001f3 f411      	BRNE _0x202001D
0001f4 e011      	LDI  R17,LOW(1)
0001f5 c001      	RJMP _0x202001E
                 _0x202001D:
0001f6 d169      	RCALL SUBOPT_0xB
                 _0x202001E:
0001f7 c0f4      	RJMP _0x202001B
                 _0x202001C:
0001f8 30e1      	CPI  R30,LOW(0x1)
0001f9 f4a1      	BRNE _0x202001F
0001fa 3225      	CPI  R18,37
0001fb f411      	BRNE _0x2020020
0001fc d163      	RCALL SUBOPT_0xB
0001fd c0ed      	RJMP _0x20200C9
                 _0x2020020:
0001fe e012      	LDI  R17,LOW(2)
0001ff e040      	LDI  R20,LOW(0)
000200 e000      	LDI  R16,LOW(0)
000201 322d      	CPI  R18,45
000202 f411      	BRNE _0x2020021
000203 e001      	LDI  R16,LOW(1)
000204 c0e7      	RJMP _0x202001B
                 _0x2020021:
000205 322b      	CPI  R18,43
000206 f411      	BRNE _0x2020022
000207 e24b      	LDI  R20,LOW(43)
000208 c0e3      	RJMP _0x202001B
                 _0x2020022:
000209 3220      	CPI  R18,32
00020a f411      	BRNE _0x2020023
00020b e240      	LDI  R20,LOW(32)
00020c c0df      	RJMP _0x202001B
                 _0x2020023:
00020d c002      	RJMP _0x2020024
                 _0x202001F:
00020e 30e2      	CPI  R30,LOW(0x2)
00020f f439      	BRNE _0x2020025
                 _0x2020024:
000210 e050      	LDI  R21,LOW(0)
000211 e013      	LDI  R17,LOW(3)
000212 3320      	CPI  R18,48
000213 f411      	BRNE _0x2020026
000214 6800      	ORI  R16,LOW(128)
000215 c0d6      	RJMP _0x202001B
                 _0x2020026:
000216 c003      	RJMP _0x2020027
                 _0x2020025:
000217 30e3      	CPI  R30,LOW(0x3)
000218 f009      	BREQ PC+2
000219 c0d2      	RJMP _0x202001B
                 _0x2020027:
00021a 3320      	CPI  R18,48
00021b f010      	BRLO _0x202002A
00021c 332a      	CPI  R18,58
00021d f008      	BRLO _0x202002B
                 _0x202002A:
00021e c007      	RJMP _0x2020029
                 _0x202002B:
00021f e0aa      	LDI  R26,LOW(10)
000220 9f5a      	MUL  R21,R26
000221 2d50      	MOV  R21,R0
000222 2fe2      	MOV  R30,R18
000223 53e0      	SUBI R30,LOW(48)
000224 0f5e      	ADD  R21,R30
000225 c0c6      	RJMP _0x202001B
                 _0x2020029:
000226 2fe2      	MOV  R30,R18
000227 36e3      	CPI  R30,LOW(0x63)
000228 f439      	BRNE _0x202002F
000229 d13d      	RCALL SUBOPT_0xC
00022a d13f      	RCALL SUBOPT_0xD
00022b d13b      	RCALL SUBOPT_0xC
00022c 81a4      	LDD  R26,Z+4
00022d 93aa      	ST   -Y,R26
00022e d13f      	RCALL SUBOPT_0xE
00022f c0bb      	RJMP _0x2020030
                 _0x202002F:
000230 37e3      	CPI  R30,LOW(0x73)
000231 f431      	BRNE _0x2020032
000232 d141      	RCALL SUBOPT_0xF
000233 d142      	RCALL SUBOPT_0x10
000234 d144      	RCALL SUBOPT_0x11
000235 d0e7      	RCALL _strlen
000236 2f1e      	MOV  R17,R30
000237 c008      	RJMP _0x2020033
                 _0x2020032:
000238 37e0      	CPI  R30,LOW(0x70)
000239 f451      	BRNE _0x2020035
00023a d139      	RCALL SUBOPT_0xF
00023b d13a      	RCALL SUBOPT_0x10
00023c d13c      	RCALL SUBOPT_0x11
00023d d0ea      	RCALL _strlenf
00023e 2f1e      	MOV  R17,R30
00023f 6008      	ORI  R16,LOW(8)
                 _0x2020033:
000240 6002      	ORI  R16,LOW(2)
000241 770f      	ANDI R16,LOW(127)
000242 e030      	LDI  R19,LOW(0)
000243 c02e      	RJMP _0x2020036
                 _0x2020035:
000244 36e4      	CPI  R30,LOW(0x64)
000245 f011      	BREQ _0x2020039
000246 36e9      	CPI  R30,LOW(0x69)
000247 f411      	BRNE _0x202003A
                 _0x2020039:
000248 6004      	ORI  R16,LOW(4)
000249 c002      	RJMP _0x202003B
                 _0x202003A:
00024a 37e5      	CPI  R30,LOW(0x75)
00024b f429      	BRNE _0x202003C
                 _0x202003B:
00024c e2e6      	LDI  R30,LOW(_tbl10_G101*2)
00024d e0f0      	LDI  R31,HIGH(_tbl10_G101*2)
00024e d12f      	RCALL SUBOPT_0x12
00024f e015      	LDI  R17,LOW(5)
000250 c00b      	RJMP _0x202003D
                 _0x202003C:
000251 35e8      	CPI  R30,LOW(0x58)
000252 f411      	BRNE _0x202003F
000253 6008      	ORI  R16,LOW(8)
000254 c003      	RJMP _0x2020040
                 _0x202003F:
000255 37e8      	CPI  R30,LOW(0x78)
000256 f009      	BREQ PC+2
000257 c093      	RJMP _0x2020071
                 _0x2020040:
000258 e3e0      	LDI  R30,LOW(_tbl16_G101*2)
000259 e0f0      	LDI  R31,HIGH(_tbl16_G101*2)
00025a d123      	RCALL SUBOPT_0x12
00025b e014      	LDI  R17,LOW(4)
                 _0x202003D:
00025c ff02      	SBRS R16,2
00025d c011      	RJMP _0x2020042
00025e d115      	RCALL SUBOPT_0xF
00025f d116      	RCALL SUBOPT_0x10
000260 d120      	RCALL SUBOPT_0x13
000261 85ab      	LDD  R26,Y+11
000262 23aa      	TST  R26
000263 f42a      	BRPL _0x2020043
000264 85ea      	LDD  R30,Y+10
000265 85fb      	LDD  R31,Y+10+1
000266 d130      	RCALL __ANEGW1
000267 d119      	RCALL SUBOPT_0x13
000268 e24d      	LDI  R20,LOW(45)
                 _0x2020043:
000269 3040      	CPI  R20,0
00026a f011      	BREQ _0x2020044
00026b 5f1f      	SUBI R17,-LOW(1)
00026c c001      	RJMP _0x2020045
                 _0x2020044:
00026d 7f0b      	ANDI R16,LOW(251)
                 _0x2020045:
00026e c003      	RJMP _0x2020046
                 _0x2020042:
00026f d104      	RCALL SUBOPT_0xF
000270 d105      	RCALL SUBOPT_0x10
000271 d10f      	RCALL SUBOPT_0x13
                 _0x2020046:
                 _0x2020036:
000272 fd00      	SBRC R16,0
000273 c010      	RJMP _0x2020047
                 _0x2020048:
000274 1715      	CP   R17,R21
000275 f470      	BRSH _0x202004A
000276 ff07      	SBRS R16,7
000277 c008      	RJMP _0x202004B
000278 ff02      	SBRS R16,2
000279 c004      	RJMP _0x202004C
00027a 7f0b      	ANDI R16,LOW(251)
00027b 2f24      	MOV  R18,R20
00027c 5011      	SUBI R17,LOW(1)
00027d c001      	RJMP _0x202004D
                 _0x202004C:
00027e e320      	LDI  R18,LOW(48)
                 _0x202004D:
00027f c001      	RJMP _0x202004E
                 _0x202004B:
000280 e220      	LDI  R18,LOW(32)
                 _0x202004E:
000281 d0de      	RCALL SUBOPT_0xB
000282 5051      	SUBI R21,LOW(1)
000283 cff0      	RJMP _0x2020048
                 _0x202004A:
                 _0x2020047:
000284 2f31      	MOV  R19,R17
000285 ff01      	SBRS R16,1
000286 c015      	RJMP _0x202004F
                 _0x2020050:
000287 3030      	CPI  R19,0
000288 f091      	BREQ _0x2020052
000289 ff03      	SBRS R16,3
00028a c005      	RJMP _0x2020053
00028b 81ee      	LDD  R30,Y+6
00028c 81ff      	LDD  R31,Y+6+1
00028d 9125      	LPM  R18,Z+
00028e d0ef      	RCALL SUBOPT_0x12
00028f c005      	RJMP _0x2020054
                 _0x2020053:
000290 81ae      	LDD  R26,Y+6
000291 81bf      	LDD  R27,Y+6+1
000292 912d      	LD   R18,X+
000293 83ae      	STD  Y+6,R26
000294 83bf      	STD  Y+6+1,R27
                 _0x2020054:
000295 d0ca      	RCALL SUBOPT_0xB
000296 3050      	CPI  R21,0
000297 f009      	BREQ _0x2020055
000298 5051      	SUBI R21,LOW(1)
                 _0x2020055:
000299 5031      	SUBI R19,LOW(1)
00029a cfec      	RJMP _0x2020050
                 _0x2020052:
00029b c046      	RJMP _0x2020056
                 _0x202004F:
                 _0x2020058:
00029c e320      	LDI  R18,LOW(48)
00029d 81ee      	LDD  R30,Y+6
00029e 81ff      	LDD  R31,Y+6+1
00029f d107      	RCALL __GETW1PF
0002a0 87e8      	STD  Y+8,R30
0002a1 87f9      	STD  Y+8+1,R31
0002a2 81ee      	LDD  R30,Y+6
0002a3 81ff      	LDD  R31,Y+6+1
0002a4 9632      	ADIW R30,2
0002a5 d0d8      	RCALL SUBOPT_0x12
                 _0x202005A:
0002a6 85e8      	LDD  R30,Y+8
0002a7 85f9      	LDD  R31,Y+8+1
0002a8 85aa      	LDD  R26,Y+10
0002a9 85bb      	LDD  R27,Y+10+1
0002aa 17ae      	CP   R26,R30
0002ab 07bf      	CPC  R27,R31
0002ac f048      	BRLO _0x202005C
0002ad 5f2f      	SUBI R18,-LOW(1)
0002ae 85a8      	LDD  R26,Y+8
0002af 85b9      	LDD  R27,Y+8+1
0002b0 85ea      	LDD  R30,Y+10
0002b1 85fb      	LDD  R31,Y+10+1
0002b2 1bea      	SUB  R30,R26
0002b3 0bfb      	SBC  R31,R27
0002b4 d0cc      	RCALL SUBOPT_0x13
0002b5 cff0      	RJMP _0x202005A
                 _0x202005C:
0002b6 332a      	CPI  R18,58
0002b7 f028      	BRLO _0x202005D
0002b8 ff03      	SBRS R16,3
0002b9 c002      	RJMP _0x202005E
0002ba 5f29      	SUBI R18,-LOW(7)
0002bb c001      	RJMP _0x202005F
                 _0x202005E:
0002bc 5d29      	SUBI R18,-LOW(39)
                 _0x202005F:
                 _0x202005D:
0002bd fd04      	SBRC R16,4
0002be c019      	RJMP _0x2020061
0002bf 3321      	CPI  R18,49
0002c0 f420      	BRSH _0x2020063
0002c1 85a8      	LDD  R26,Y+8
0002c2 85b9      	LDD  R27,Y+8+1
0002c3 9711      	SBIW R26,1
0002c4 f409      	BRNE _0x2020062
                 _0x2020063:
0002c5 c009      	RJMP _0x20200CA
                 _0x2020062:
0002c6 1753      	CP   R21,R19
0002c7 f010      	BRLO _0x2020067
0002c8 ff00      	SBRS R16,0
0002c9 c001      	RJMP _0x2020068
                 _0x2020067:
0002ca c011      	RJMP _0x2020066
                 _0x2020068:
0002cb e220      	LDI  R18,LOW(32)
0002cc ff07      	SBRS R16,7
0002cd c00a      	RJMP _0x2020069
0002ce e320      	LDI  R18,LOW(48)
                 _0x20200CA:
0002cf 6100      	ORI  R16,LOW(16)
0002d0 ff02      	SBRS R16,2
0002d1 c006      	RJMP _0x202006A
0002d2 7f0b      	ANDI R16,LOW(251)
0002d3 934a      	ST   -Y,R20
0002d4 d099      	RCALL SUBOPT_0xE
0002d5 3050      	CPI  R21,0
0002d6 f009      	BREQ _0x202006B
0002d7 5051      	SUBI R21,LOW(1)
                 _0x202006B:
                 _0x202006A:
                 _0x2020069:
                 _0x2020061:
0002d8 d087      	RCALL SUBOPT_0xB
0002d9 3050      	CPI  R21,0
0002da f009      	BREQ _0x202006C
0002db 5051      	SUBI R21,LOW(1)
                 _0x202006C:
                 _0x2020066:
0002dc 5031      	SUBI R19,LOW(1)
0002dd 85a8      	LDD  R26,Y+8
0002de 85b9      	LDD  R27,Y+8+1
0002df 9712      	SBIW R26,2
0002e0 f008      	BRLO _0x2020059
0002e1 cfba      	RJMP _0x2020058
                 _0x2020059:
                 _0x2020056:
0002e2 ff00      	SBRS R16,0
0002e3 c007      	RJMP _0x202006D
                 _0x202006E:
0002e4 3050      	CPI  R21,0
0002e5 f029      	BREQ _0x2020070
0002e6 5051      	SUBI R21,LOW(1)
0002e7 e2e0      	LDI  R30,LOW(32)
0002e8 93ea      	ST   -Y,R30
0002e9 d084      	RCALL SUBOPT_0xE
0002ea cff9      	RJMP _0x202006E
                 _0x2020070:
                 _0x202006D:
                 _0x2020071:
                 _0x2020030:
                 _0x20200C9:
0002eb e010      	LDI  R17,LOW(0)
                 _0x202001B:
0002ec cef7      	RJMP _0x2020016
                 _0x2020018:
0002ed 85ac      	LDD  R26,Y+12
0002ee 85bd      	LDD  R27,Y+12+1
0002ef d0b3      	RCALL __GETW1P
0002f0 d0c6      	RCALL __LOADLOCR6
0002f1 9664      	ADIW R28,20
0002f2 9508      	RET
                 _sprintf:
0002f3 92ff      	PUSH R15
0002f4 2ef8      	MOV  R15,R24
0002f5 9726      	SBIW R28,6
0002f6 d0bb      	RCALL __SAVELOCR4
0002f7 d08c      	RCALL SUBOPT_0x14
0002f8 9730      	SBIW R30,0
0002f9 f419      	BRNE _0x2020072
0002fa efef      	LDI  R30,LOW(65535)
0002fb efff      	LDI  R31,HIGH(65535)
0002fc c01c      	RJMP _0x2080001
                 _0x2020072:
0002fd 01de      	MOVW R26,R28
0002fe 9616      	ADIW R26,6
0002ff d093      	RCALL __ADDW2R15
000300 018d      	MOVW R16,R26
000301 d082      	RCALL SUBOPT_0x14
000302 d07b      	RCALL SUBOPT_0x12
000303 e0e0      	LDI  R30,LOW(0)
000304 87e8      	STD  Y+8,R30
000305 87e9      	STD  Y+8+1,R30
000306 01de      	MOVW R26,R28
000307 961a      	ADIW R26,10
000308 d08a      	RCALL __ADDW2R15
000309 d099      	RCALL __GETW1P
00030a d03a      	RCALL SUBOPT_0x4
00030b 931a      	ST   -Y,R17
00030c 930a      	ST   -Y,R16
00030d eaed      	LDI  R30,LOW(_put_buff_G101)
00030e e0f1      	LDI  R31,HIGH(_put_buff_G101)
00030f d035      	RCALL SUBOPT_0x4
000310 01de      	MOVW R26,R28
000311 961a      	ADIW R26,10
000312 dec7      	RCALL __print_G101
000313 019f      	MOVW R18,R30
000314 81ae      	LDD  R26,Y+6
000315 81bf      	LDD  R27,Y+6+1
000316 e0e0      	LDI  R30,LOW(0)
000317 93ec      	ST   X,R30
000318 01f9      	MOVW R30,R18
                 _0x2080001:
000319 d09f      	RCALL __LOADLOCR4
00031a 962a      	ADIW R28,10
00031b 90ff      	POP  R15
00031c 9508      	RET
                 
                 	.CSEG
                 
                 	.CSEG
                 _strlen:
00031d d02c      	RCALL SUBOPT_0x6
00031e 91a9          ld   r26,y+
00031f 91b9          ld   r27,y+
000320 27ee          clr  r30
000321 27ff          clr  r31
                 strlen0:
000322 916d          ld   r22,x+
000323 2366          tst  r22
000324 f011          breq strlen1
000325 9631          adiw r30,1
000326 cffb          rjmp strlen0
                 strlen1:
000327 9508          ret
                 _strlenf:
000328 d021      	RCALL SUBOPT_0x6
000329 27aa          clr  r26
00032a 27bb          clr  r27
00032b 91e9          ld   r30,y+
00032c 91f9          ld   r31,y+
                 strlenf0:
00032d 9005      	lpm  r0,z+
00032e 2000          tst  r0
00032f f011          breq strlenf1
000330 9611          adiw r26,1
000331 cffb          rjmp strlenf0
                 strlenf1:
000332 01fd          movw r30,r26
000333 9508          ret
                 
                 	.DSEG
                 __base_y_G100:
000160           	.BYTE 0x4
                 
                 	.CSEG
                 ;OPTIMIZER ADDED SUBROUTINE, CALLED 2 TIMES, CODE SIZE REDUCTION:2 WORDS
                 SUBOPT_0x0:
000334 e0a1      	LDI  R26,LOW(1)
000335 e0b0      	LDI  R27,0
000336 c052      	RJMP _delay_ms
                 
                 ;OPTIMIZER ADDED SUBROUTINE, CALLED 2 TIMES, CODE SIZE REDUCTION:1 WORDS
                 SUBOPT_0x1:
000337 2fe1      	MOV  R30,R17
000338 e0a1      	LDI  R26,LOW(1)
000339 d061      	RCALL __LSLB12
00033a 95e0      	COM  R30
00033b 9508      	RET
                 
                 ;OPTIMIZER ADDED SUBROUTINE, CALLED 2 TIMES, CODE SIZE REDUCTION:2 WORDS
                 SUBOPT_0x2:
00033c b3e0      	IN   R30,0x10
00033d 60ef      	ORI  R30,LOW(0xF)
00033e 2e5e      	MOV  R5,R30
00033f efef      	LDI  R30,LOW(255)
000340 15e5      	CP   R30,R5
000341 9508      	RET
                 
                 ;OPTIMIZER ADDED SUBROUTINE, CALLED 3 TIMES, CODE SIZE REDUCTION:6 WORDS
                 SUBOPT_0x3:
000342 e1a4      	LDI  R26,LOW(20)
000343 e0b0      	LDI  R27,0
000344 c044      	RJMP _delay_ms
                 
                 ;OPTIMIZER ADDED SUBROUTINE, CALLED 4 TIMES, CODE SIZE REDUCTION:1 WORDS
                 SUBOPT_0x4:
000345 93fa      	ST   -Y,R31
000346 93ea      	ST   -Y,R30
000347 9508      	RET
                 
                 ;OPTIMIZER ADDED SUBROUTINE, CALLED 3 TIMES, CODE SIZE REDUCTION:4 WORDS
                 SUBOPT_0x5:
000348 e0b0      	LDI  R27,0
000349 c03f      	RJMP _delay_ms
                 
                 ;OPTIMIZER ADDED SUBROUTINE, CALLED 5 TIMES, CODE SIZE REDUCTION:2 WORDS
                 SUBOPT_0x6:
00034a 93ba      	ST   -Y,R27
00034b 93aa      	ST   -Y,R26
00034c 9508      	RET
                 
                 ;OPTIMIZER ADDED SUBROUTINE, CALLED 3 TIMES, CODE SIZE REDUCTION:8 WORDS
                 SUBOPT_0x7:
00034d e3a0      	LDI  R26,LOW(48)
00034e ddd6      	RCALL __lcd_write_nibble_G100
                +
00034f ec88     +LDI R24 , LOW ( 200 )
000350 e090     +LDI R25 , HIGH ( 200 )
                +__DELAY_USW_LOOP :
000351 9701     +SBIW R24 , 1
000352 f7f1     +BRNE __DELAY_USW_LOOP
                 	__DELAY_USW 200
000353 9508      	RET
                 
                 ;OPTIMIZER ADDED SUBROUTINE, CALLED 6 TIMES, CODE SIZE REDUCTION:3 WORDS
                 SUBOPT_0x8:
000354 81aa      	LDD  R26,Y+2
000355 81bb      	LDD  R27,Y+2+1
000356 9508      	RET
                 
                 ;OPTIMIZER ADDED SUBROUTINE, CALLED 5 TIMES, CODE SIZE REDUCTION:2 WORDS
                 SUBOPT_0x9:
000357 9614      	ADIW R26,4
000358 d04a      	RCALL __GETW1P
000359 9508      	RET
                 
                 ;OPTIMIZER ADDED SUBROUTINE, CALLED 2 TIMES, CODE SIZE REDUCTION:2 WORDS
                 SUBOPT_0xA:
00035a 91ed      	LD   R30,X+
00035b 91fd      	LD   R31,X+
00035c 9631      	ADIW R30,1
00035d 93fe      	ST   -X,R31
00035e 93ee      	ST   -X,R30
00035f 9508      	RET
                 
                 ;OPTIMIZER ADDED SUBROUTINE, CALLED 5 TIMES, CODE SIZE REDUCTION:18 WORDS
                 SUBOPT_0xB:
000360 932a      	ST   -Y,R18
000361 85ad      	LDD  R26,Y+13
000362 85be      	LDD  R27,Y+13+1
000363 85ef      	LDD  R30,Y+15
000364 89f8      	LDD  R31,Y+15+1
000365 9509      	ICALL
000366 9508      	RET
                 
                 ;OPTIMIZER ADDED SUBROUTINE, CALLED 6 TIMES, CODE SIZE REDUCTION:3 WORDS
                 SUBOPT_0xC:
000367 89e8      	LDD  R30,Y+16
000368 89f9      	LDD  R31,Y+16+1
000369 9508      	RET
                 
                 ;OPTIMIZER ADDED SUBROUTINE, CALLED 5 TIMES, CODE SIZE REDUCTION:6 WORDS
                 SUBOPT_0xD:
00036a 9734      	SBIW R30,4
00036b 8be8      	STD  Y+16,R30
00036c 8bf9      	STD  Y+16+1,R31
00036d 9508      	RET
                 
                 ;OPTIMIZER ADDED SUBROUTINE, CALLED 3 TIMES, CODE SIZE REDUCTION:6 WORDS
                 SUBOPT_0xE:
00036e 85ad      	LDD  R26,Y+13
00036f 85be      	LDD  R27,Y+13+1
000370 85ef      	LDD  R30,Y+15
000371 89f8      	LDD  R31,Y+15+1
000372 9509      	ICALL
000373 9508      	RET
                 
                 ;OPTIMIZER ADDED SUBROUTINE, CALLED 4 TIMES, CODE SIZE REDUCTION:1 WORDS
                 SUBOPT_0xF:
000374 dff2      	RCALL SUBOPT_0xC
000375 cff4      	RJMP SUBOPT_0xD
                 
                 ;OPTIMIZER ADDED SUBROUTINE, CALLED 4 TIMES, CODE SIZE REDUCTION:4 WORDS
                 SUBOPT_0x10:
000376 89a8      	LDD  R26,Y+16
000377 89b9      	LDD  R27,Y+16+1
000378 cfde      	RJMP SUBOPT_0x9
                 
                 ;OPTIMIZER ADDED SUBROUTINE, CALLED 2 TIMES, CODE SIZE REDUCTION:1 WORDS
                 SUBOPT_0x11:
000379 83ee      	STD  Y+6,R30
00037a 83ff      	STD  Y+6+1,R31
00037b 81ae      	LDD  R26,Y+6
00037c 81bf      	LDD  R27,Y+6+1
00037d 9508      	RET
                 
                 ;OPTIMIZER ADDED SUBROUTINE, CALLED 5 TIMES, CODE SIZE REDUCTION:2 WORDS
                 SUBOPT_0x12:
00037e 83ee      	STD  Y+6,R30
00037f 83ff      	STD  Y+6+1,R31
000380 9508      	RET
                 
                 ;OPTIMIZER ADDED SUBROUTINE, CALLED 4 TIMES, CODE SIZE REDUCTION:1 WORDS
                 SUBOPT_0x13:
000381 87ea      	STD  Y+10,R30
000382 87fb      	STD  Y+10+1,R31
000383 9508      	RET
                 
                 ;OPTIMIZER ADDED SUBROUTINE, CALLED 2 TIMES, CODE SIZE REDUCTION:1 WORDS
                 SUBOPT_0x14:
000384 01de      	MOVW R26,R28
000385 961c      	ADIW R26,12
000386 d00c      	RCALL __ADDW2R15
000387 d01b      	RCALL __GETW1P
000388 9508      	RET
                 
                 
                 	.CSEG
                 _delay_ms:
000389 9610      	adiw r26,0
00038a f039      	breq __delay_ms1
                 __delay_ms0:
                +
00038b ed80     +LDI R24 , LOW ( 0x7D0 )
00038c e097     +LDI R25 , HIGH ( 0x7D0 )
                +__DELAY_USW_LOOP :
00038d 9701     +SBIW R24 , 1
00038e f7f1     +BRNE __DELAY_USW_LOOP
                 	__DELAY_USW 0x7D0
00038f 95a8      	wdr
000390 9711      	sbiw r26,1
000391 f7c9      	brne __delay_ms0
                 __delay_ms1:
000392 9508      	ret
                 
                 __ADDW2R15:
000393 2400      	CLR  R0
000394 0daf      	ADD  R26,R15
000395 1db0      	ADC  R27,R0
000396 9508      	RET
                 
                 __ANEGW1:
000397 95f1      	NEG  R31
000398 95e1      	NEG  R30
000399 40f0      	SBCI R31,0
00039a 9508      	RET
                 
                 __LSLB12:
00039b 23ee      	TST  R30
00039c 2e0e      	MOV  R0,R30
00039d 2fea      	MOV  R30,R26
00039e f019      	BREQ __LSLB12R
                 __LSLB12L:
00039f 0fee      	LSL  R30
0003a0 940a      	DEC  R0
0003a1 f7e9      	BRNE __LSLB12L
                 __LSLB12R:
0003a2 9508      	RET
                 
                 __GETW1P:
0003a3 91ed      	LD   R30,X+
0003a4 91fc      	LD   R31,X
0003a5 9711      	SBIW R26,1
0003a6 9508      	RET
                 
                 __GETW1PF:
0003a7 9005      	LPM  R0,Z+
0003a8 91f4      	LPM  R31,Z
0003a9 2de0      	MOV  R30,R0
0003aa 9508      	RET
                 
                 __PUTPARD1:
0003ab 937a      	ST   -Y,R23
0003ac 936a      	ST   -Y,R22
0003ad 93fa      	ST   -Y,R31
0003ae 93ea      	ST   -Y,R30
0003af 9508      	RET
                 
                 __SAVELOCR6:
0003b0 935a      	ST   -Y,R21
                 __SAVELOCR5:
0003b1 934a      	ST   -Y,R20
                 __SAVELOCR4:
0003b2 933a      	ST   -Y,R19
                 __SAVELOCR3:
0003b3 932a      	ST   -Y,R18
                 __SAVELOCR2:
0003b4 931a      	ST   -Y,R17
0003b5 930a      	ST   -Y,R16
0003b6 9508      	RET
                 
                 __LOADLOCR6:
0003b7 815d      	LDD  R21,Y+5
                 __LOADLOCR5:
0003b8 814c      	LDD  R20,Y+4
                 __LOADLOCR4:
0003b9 813b      	LDD  R19,Y+3
                 __LOADLOCR3:
0003ba 812a      	LDD  R18,Y+2
                 __LOADLOCR2:
0003bb 8119      	LDD  R17,Y+1
0003bc 8108      	LD   R16,Y
0003bd 9508      	RET
                 
                 ;END OF CODE MARKER
                 __END_OF_CODE:


RESOURCE USE INFORMATION
------------------------

Notice:
The register and instruction counts are symbol table hit counts,
and hence implicitly used resources are not counted, eg, the
'lpm' instruction without operands implicitly uses r0 and z,
none of which are counted.

x,y,z are separate entities in the symbol table and are
counted separately from r26..r31 here.

.dseg memory usage only counts static data declared with .byte

ATmega8 register use summary:
r0 :  13 r1 :   3 r2 :   0 r3 :   0 r4 :   2 r5 :   6 r6 :   3 r7 :   2 
r8 :   4 r9 :   4 r10:   0 r11:   2 r12:   0 r13:   0 r14:   0 r15:   4 
r16:  32 r17:  28 r18:  29 r19:   8 r20:   9 r21:  17 r22:   6 r23:   2 
r24:  23 r25:   5 r26: 123 r27:  28 r28:  18 r29:   1 r30: 238 r31:  64 
x  :  19 y  : 127 z  :  15 
Registers used: 29 out of 35 (82.9%)

ATmega8 instruction use summary:
.lds  :   0 .lds.l:   0 .sts  :   0 .sts.l:   0 adc   :   1 add   :   3 
adiw  :  24 and   :   0 andi  :   8 asr   :   0 bclr  :   0 bld   :   0 
brbc  :   0 brbs  :   0 brcc  :   0 brcs  :   0 break :   0 breq  :  22 
brge  :   0 brhc  :   0 brhs  :   0 brid  :   0 brie  :   0 brlo  :   9 
brlt  :   0 brmi  :   1 brne  :  47 brpl  :   1 brsh  :   2 brtc  :   0 
brts  :   0 brvc  :   0 brvs  :   0 bset  :   0 bst   :   0 cbi   :   5 
cbr   :   0 clc   :   0 clh   :   0 cli   :   1 cln   :   0 clr   :  11 
cls   :   0 clt   :   0 clv   :   0 clz   :   0 com   :   1 cp    :   7 
cpc   :  18 cpi   :  50 cpse  :   0 dec   :   6 des   :   0 eor   :   0 
fmul  :   0 fmuls :   0 fmulsu:   0 icall :   2 ijmp  :   0 in    :   4 
inc   :   2 ld    :  24 ldd   :  64 ldi   : 129 lds   :   0 lpm   :  14 
lsl   :   1 lsr   :   0 mov   :  30 movw  :  16 mul   :   1 muls  :   0 
mulsu :   0 neg   :   2 nop   :   0 or    :   2 ori   :   9 out   :  44 
pop   :   1 push  :   1 rcall : 108 ret   :  35 reti  :   0 rjmp  : 105 
rol   :   0 ror   :   0 sbc   :   1 sbci  :   2 sbi   :   5 sbic  :   0 
sbis  :   0 sbiw  :  20 sbr   :   0 sbrc  :   2 sbrs  :  10 sec   :   0 
seh   :   0 sei   :   0 sen   :   0 ser   :   0 ses   :   0 set   :   0 
sev   :   0 sez   :   0 sleep :   0 spm   :   0 st    :  42 std   :  19 
sts   :   2 sub   :   1 subi  :  17 swap  :   2 tst   :   5 wdr   :   1 

Instructions used: 52 out of 114 (45.6%)

ATmega8 memory use summary [bytes]:
Segment   Begin    End      Code   Data   Used    Size   Use%
---------------------------------------------------------------
[.cseg] 0x000000 0x00077c   1880     36   1916    8192  23.4%
[.dseg] 0x000060 0x000164      0      4      4    1119   0.4%
[.eseg] 0x000000 0x000000      0      0      0     512   0.0%

Assembly complete, 0 errors, 7 warnings
